[10:27:13] DEBUG    (optuna) Logger optuna initialized.           loggers.py:100
           DEBUG    (preprocessing.grn_accessor) Logger           loggers.py:100
                    preprocessing.grn_accessor initialized.                     
[10:27:17] DEBUG    (randomness) Logger randomness initialized.   loggers.py:100
           INFO     (randomness) Initial random seed:           randomness.py:11
                    4113388096                                                  
           DEBUG    (limit-tfs) Logger limit-tfs initialized.     loggers.py:100
           INFO     (limit-tfs) Found 2999 TF candidates.        limit-tfs.py:39
           INFO     (limit-tfs) Bipartite filtering retained     limit-tfs.py:45
                    2163 of the 2200 selected TFs (37 regulate                  
                    only other selected TFs).                                   
           INFO     (limit-tfs) Filtered GRN to bipartite graph  limit-tfs.py:50
                    with 2163 TFs and 800 targets.                              
[10:27:18] INFO     (limit-tfs) Saved processed GRN to           limit-tfs.py:92
                    results/2200/inferred_grnboost2.csv                         
Running command on n23-64-512-fawkes
[10:27:22] DEBUG    (optuna) Logger optuna initialized.                                                                                                                                   loggers.py:100
           DEBUG    (GRouNdGAN CLI) Logger GRouNdGAN CLI initialized.                                                                                                                     loggers.py:100
           DEBUG    (randomness) Logger randomness initialized.                                                                                                                           loggers.py:100
           INFO     (randomness) Initial random seed: 3188930722                                                                                                                        randomness.py:11
           INFO     (randomness) Using seed 781759803 for Python and NumPy random number generation.                                                                                    randomness.py:25
[10:27:24] DEBUG    (preprocessing.grn_accessor) Logger preprocessing.grn_accessor initialized.                                                                                           loggers.py:100
[10:27:30] DEBUG    (preprocessing.grn_creation) Logger preprocessing.grn_creation initialized.                                                                                           loggers.py:100
           INFO     (preprocessing.grn_creation) Using already existing GRNBoost2 GRN at results/2200/inferred_grnboost2.csv                                                          grn_creation.py:76
[10:27:31] INFO     (preprocessing.grn_accessor) Filtered GRN to bipartite graph with 2163 TFs and 800 targets.                                                                      grn_accessor.py:139
           INFO     (preprocessing.grn_creation) Creating top 15 GRN from top TFs                                                                                                     grn_creation.py:94
           WARNING  (preprocessing.grn_creation) Excluding 327 targets with no regulators from the causal graph. To include them, set 'include genes with no regulators' to True in  grn_creation.py:129
                    the config.                                                                                                                                                                         
           WARNING  (preprocessing.grn_creation) The provided training dataset has been subsetted to only include genes present in the causal graph. Please adjust the config to use grn_creation.py:152
                    appropriate number of genes.                                                                                                                                                        
           INFO     (preprocessing.grn_creation) Causal graph info:                                                                                                                  grn_creation.py:160
                              ``TFs``    1873                                                                                                                                                           
                          ``Targets``     800                                                                                                                                                           
                                Genes    2673                                                                                                                                                           
                       Possible Edges 1498400                                                                                                                                                           
                        Imposed Edges   12000                                                                                                                                                           
                    GRN density Edges    0.8%                                                                                                                                                           
           INFO     (preprocessing.grn_creation) Successfully saved GRouNdGAN causal graph to results/2200/causal_graph.pkl                                                          grn_creation.py:180
           INFO     (GRouNdGAN CLI) Finished                                                                                                                                                 main.py:141
Running command on n23-64-512-fawkes
[10:27:34] DEBUG    (optuna) Logger optuna initialized.                                                                                                                                   loggers.py:100
           DEBUG    (GRouNdGAN CLI) Logger GRouNdGAN CLI initialized.                                                                                                                     loggers.py:100
           DEBUG    (randomness) Logger randomness initialized.                                                                                                                           loggers.py:100
           INFO     (randomness) Initial random seed: 837813431                                                                                                                         randomness.py:11
           INFO     (randomness) Using seed 781759803 for Python and NumPy random number generation.                                                                                    randomness.py:25
           INFO     (GRouNdGAN CLI) Initializing training libraries...                                                                                                                        main.py:77
[10:27:42] INFO     (randomness) Using seed 781759803 for PyTorch random number generation.                                                                                             randomness.py:42
[10:27:59] DEBUG    (evaluation.MMD) Logger evaluation.MMD initialized.                                                                                                                   loggers.py:100
           DEBUG    (evaluate) Logger evaluate initialized.                                                                                                                               loggers.py:100
[10:28:01] DEBUG    (training.gan) Logger training.gan initialized.                                                                                                                       loggers.py:100
           INFO     (training.gan) Initializing training...                                                                                                                                   gan.py:727
           DEBUG    (training.gan) Initializing data loaders...                                                                                                                                gan.py:87
           DEBUG    (training.gan) Initializing optimizers...                                                                                                                                  gan.py:94
           DEBUG    (training.gan) Initializing schedulers...                                                                                                                                 gan.py:112
           DEBUG    (training.gan) Initializing UMAP...                                                                                                                                       gan.py:130
[10:28:10] DEBUG    (training.gan) Saving model graph...                                                                                                                                      gan.py:734
[10:28:12] INFO     (training.gan) Starting training loop...                                                                                                                                  gan.py:749
[10:28:47] DEBUG    (training.gan) Step 0/20 completed in 35498 milliseconds (average: nan ms)                                                                                                gan.py:778
[10:29:06] DEBUG    (training.gan) Step 1/20 completed in 18508 milliseconds (average: nan ms)                                                                                                gan.py:778
           DEBUG    (training.gan) Step 2/20 completed in 23 milliseconds (average: 24 ms)                                                                                                    gan.py:778
           DEBUG    (training.gan) Step 3/20 completed in 19 milliseconds (average: 22 ms)                                                                                                    gan.py:778
           DEBUG    (training.gan) Step 4/20 completed in 21 milliseconds (average: 22 ms)                                                                                                    gan.py:778
           DEBUG    (training.gan) Step 5/20 completed in 27 milliseconds (average: 23 ms)                                                                                                    gan.py:778
           DEBUG    (training.gan) Step 6/20 completed in 26 milliseconds (average: 24 ms)                                                                                                    gan.py:778
           DEBUG    (training.gan) Step 7/20 completed in 26 milliseconds (average: 24 ms)                                                                                                    gan.py:778
           DEBUG    (training.gan) Step 8/20 completed in 25 milliseconds (average: 24 ms)                                                                                                    gan.py:778
           DEBUG    (training.gan) Step 9/20 completed in 26 milliseconds (average: 25 ms)                                                                                                    gan.py:778
           DEBUG    (training.gan) Step 10/20 completed in 26 milliseconds (average: 25 ms)                                                                                                   gan.py:778
           DEBUG    (training.gan) Step 11/20 completed in 26 milliseconds (average: 25 ms)                                                                                                   gan.py:778
           DEBUG    (training.gan) Step 12/20 completed in 26 milliseconds (average: 25 ms)                                                                                                   gan.py:778
           DEBUG    (training.gan) Step 13/20 completed in 28 milliseconds (average: 26 ms)                                                                                                   gan.py:778
           DEBUG    (training.gan) Step 14/20 completed in 28 milliseconds (average: 26 ms)                                                                                                   gan.py:778
           DEBUG    (training.gan) Step 15/20 completed in 32 milliseconds (average: 26 ms)                                                                                                   gan.py:778
           DEBUG    (training.gan) Step 16/20 completed in 31 milliseconds (average: 27 ms)                                                                                                   gan.py:778
           DEBUG    (training.gan) Step 17/20 completed in 33 milliseconds (average: 27 ms)                                                                                                   gan.py:778
           DEBUG    (training.gan) Step 18/20 completed in 31 milliseconds (average: 27 ms)                                                                                                   gan.py:778
           DEBUG    (training.gan) Step 19/20 completed in 33 milliseconds (average: 28 ms)                                                                                                   gan.py:778
           DEBUG    (training.gan) Step 20/20 completed in 35 milliseconds (average: 28 ms)                                                                                                   gan.py:778
[10:29:07] DEBUG    (training.gan) Computing validation loss...                                                                                                                               gan.py:516
[10:29:26] INFO     (training.gan) Step 20:                                                                                                                                                   gan.py:581
                    Generator Loss                             2.6e+03                                                                                                                                  
                    Generator Total Loss                       2.6e+03                                                                                                                                  
                    Critic Total Loss                         -7.4e+03                                                                                                                                  
                    Critic Fake Loss                          -2.6e+03                                                                                                                                  
                    Critic Real Loss                          -5.1e+03                                                                                                                                  
                    Critic Gradient Penalty Loss               3.1e+02                                                                                                                                  
                    Total Loss                                -4.5e+03                                                                                                                                  
                    Validation Generator Loss                  4.7e+03                                                                                                                                  
                    Validation Generator Total Loss            4.7e+03                                                                                                                                  
                    Validation Critic Fake Loss               -4.7e+03                                                                                                                                  
                    Validation Critic Real Loss               -9.1e+03                                                                                                                                  
                    Validation Critic Gradient Penalty Loss    7.4e+02                                                                                                                                  
                    Validation Critic Total Loss              -1.3e+04                                                                                                                                  
                    Validation Total Loss                     -8.3e+03                                                                                                                                  
           DEBUG    (training.gan) Step 20:                                                                                                                                                   gan.py:582
                    Generator LR               8.9e-08                                                                                                                                                  
                    Critic LR                    1e-05                                                                                                                                                  
                    Generator Avg Abs Weight     0.042                                                                                                                                                  
                    Critic Avg Abs Weight        0.025                                                                                                                                                  
           DEBUG    (training.gan) Generating UMAP plots...                                                                                                                                   gan.py:625
[10:29:29] DEBUG    (training.gan) Step 20: Computing Random Forest AUROC...                                                                                                                  gan.py:660
[10:29:31] INFO     (training.gan) Step 20: Computed Random Forest AUROC: 1.000                                                                                                               gan.py:672
[10:29:32] DEBUG    (training.gan) Logger training.gan initialized.                                                                                                                       loggers.py:100
           INFO     (training.gan) Initializing training...                                                                                                                                   gan.py:727
           DEBUG    (training.gan) Initializing data loaders...                                                                                                                                gan.py:87
           DEBUG    (training.gan) Initializing optimizers...                                                                                                                                  gan.py:94
           DEBUG    (training.gan) Initializing schedulers...                                                                                                                                 gan.py:112
           DEBUG    (training.gan) Initializing UMAP...                                                                                                                                       gan.py:130
[10:29:35] DEBUG    (training.gan) Saving model graph...                                                                                                                                      gan.py:734
           INFO     (training.gan) Starting training loop...                                                                                                                                  gan.py:749
[10:30:55] DEBUG    (training.gan) Step 0/20 completed in 79276 milliseconds (average: nan ms)                                                                                                gan.py:778
[10:31:49] DEBUG    (training.gan) Step 1/20 completed in 53737 milliseconds (average: nan ms)                                                                                                gan.py:778
           DEBUG    (training.gan) Step 2/20 completed in 82 milliseconds (average: 83 ms)                                                                                                    gan.py:778
           DEBUG    (training.gan) Step 3/20 completed in 81 milliseconds (average: 82 ms)                                                                                                    gan.py:778
           DEBUG    (training.gan) Step 4/20 completed in 81 milliseconds (average: 82 ms)                                                                                                    gan.py:778
           DEBUG    (training.gan) Step 5/20 completed in 80 milliseconds (average: 82 ms)                                                                                                    gan.py:778
           DEBUG    (training.gan) Step 6/20 completed in 80 milliseconds (average: 81 ms)                                                                                                    gan.py:778
           DEBUG    (training.gan) Step 7/20 completed in 81 milliseconds (average: 81 ms)                                                                                                    gan.py:778
           DEBUG    (training.gan) Step 8/20 completed in 81 milliseconds (average: 81 ms)                                                                                                    gan.py:778
           DEBUG    (training.gan) Step 9/20 completed in 81 milliseconds (average: 81 ms)                                                                                                    gan.py:778
           DEBUG    (training.gan) Step 10/20 completed in 83 milliseconds (average: 81 ms)                                                                                                   gan.py:778
           DEBUG    (training.gan) Step 11/20 completed in 83 milliseconds (average: 82 ms)                                                                                                   gan.py:778
           DEBUG    (training.gan) Step 12/20 completed in 81 milliseconds (average: 82 ms)                                                                                                   gan.py:778
[10:31:50] DEBUG    (training.gan) Step 13/20 completed in 82 milliseconds (average: 82 ms)                                                                                                   gan.py:778
           DEBUG    (training.gan) Step 14/20 completed in 81 milliseconds (average: 82 ms)                                                                                                   gan.py:778
           DEBUG    (training.gan) Step 15/20 completed in 80 milliseconds (average: 82 ms)                                                                                                   gan.py:778
           DEBUG    (training.gan) Step 16/20 completed in 80 milliseconds (average: 82 ms)                                                                                                   gan.py:778
           DEBUG    (training.gan) Step 17/20 completed in 80 milliseconds (average: 81 ms)                                                                                                   gan.py:778
           DEBUG    (training.gan) Step 18/20 completed in 81 milliseconds (average: 81 ms)                                                                                                   gan.py:778
           DEBUG    (training.gan) Step 19/20 completed in 81 milliseconds (average: 81 ms)                                                                                                   gan.py:778
           DEBUG    (training.gan) Step 20/20 completed in 81 milliseconds (average: 81 ms)                                                                                                   gan.py:778
[10:31:51] DEBUG    (training.gan) Computing validation loss...                                                                                                                               gan.py:516
[10:32:05] INFO     (training.gan) Step 20:                                                                                                                                                   gan.py:581
                    Generator Loss                               3e+03                                                                                                                                  
                    Generator Labeler Loss                     3.3e+02                                                                                                                                  
                    Generator Antilabeler Loss                 3.3e+02                                                                                                                                  
                    Generator Total Loss                       3.6e+03                                                                                                                                  
                    Critic Total Loss                         -4.8e+05                                                                                                                                  
                    Critic Fake Loss                          -5.2e+03                                                                                                                                  
                    Critic Real Loss                          -9.2e+05                                                                                                                                  
                    Critic Gradient Penalty Loss               4.5e+05                                                                                                                                  
                    Total Loss                                -4.5e+05                                                                                                                                  
                    Labeler Real Loss                          1.6e+04                                                                                                                                  
                    Labeler Fake Loss                          3.3e+02                                                                                                                                  
                    Antilabeler Loss                           3.3e+02                                                                                                                                  
                    Validation Generator Loss                  1.1e+04                                                                                                                                  
                    Validation Generator Total Loss            1.1e+04                                                                                                                                  
                    Validation Critic Fake Loss               -1.1e+04                                                                                                                                  
                    Validation Critic Real Loss               -1.2e+06                                                                                                                                  
                    Validation Critic Gradient Penalty Loss    5.9e+05                                                                                                                                  
                    Validation Critic Total Loss                -6e+05                                                                                                                                  
                    Validation Total Loss                     -5.9e+05                                                                                                                                  
           DEBUG    (training.gan) Step 20:                                                                                                                                                   gan.py:582
                    Generator LR               8.9e-07                                                                                                                                                  
                    Critic LR                    0.001                                                                                                                                                  
                    Labeler LR                  0.0001                                                                                                                                                  
                    Antilabeler LR              0.0001                                                                                                                                                  
                    Generator Avg Abs Weight      0.04                                                                                                                                                  
                    Critic Avg Abs Weight        0.026                                                                                                                                                  
           DEBUG    (training.gan) Generating UMAP plots...                                                                                                                                   gan.py:625
[10:32:06] DEBUG    (training.gan) Step 20: Computing Random Forest AUROC...                                                                                                                  gan.py:660
[10:32:08] INFO     (training.gan) Step 20: Computed Random Forest AUROC: 1.000                                                                                                               gan.py:672
           INFO     (GRouNdGAN CLI) Finished                                                                                                                                                 main.py:141
[09/01/26 10:32:55] INFO     Loading checkpoint from      count-parameters.py:48
                             'results/2200/checkpoints/st                       
                             ep_20.pth' on cuda                                 
                    INFO     Parameter counts:            count-parameters.py:60
                             gen_state_dict                                     
                             5.51M parameters                                   
                             crit_state_dict                                    
                             3.39M parameters                                   
                             labeler_state_dict                                 
                             13.38M parameters                                  
                             antilabeler_state_dict                             
                             13.38M parameters                                  
                             step                                               
                             1 parameters                                       
                             gen_optimizer_state_dict                           
                             2.23M parameters                                   
                             crit_optimizer_state_dict                          
                             10.18M parameters                                  
                             labeler_optimizer_state_dict                       
                             40.1M parameters                                   
                             antilabeler_optimizer_state_                       
                             dict   40.1M parameters                            
                             gen_scheduler_state_dict                           
                             19 parameters                                      
                             crit_scheduler_state_dict                          
                             7 parameters                                       
                    INFO     Successfully saved parameter count-parameters.py:64
                             counts to                                          
                             'results/2200/params-size.js                       
                             on'                                                
