+ export CONFIG=causal_gan.cfg
+ CONFIG=causal_gan.cfg
+ export CODE_ROOT=/mnt/shared/scratch/mmicik/private/Geneformer/simulation/GRouNdGAN.worktrees/dedup
+ CODE_ROOT=/mnt/shared/scratch/mmicik/private/Geneformer/simulation/GRouNdGAN.worktrees/dedup
+ export GROUNDGAN_LOGLEVEL=DEBUG
+ GROUNDGAN_LOGLEVEL=DEBUG
+ export GROUNDGAN_NO_TQDM=1
+ GROUNDGAN_NO_TQDM=1
+ export PYTHON=/mnt/apps/users/mmicik//conda/envs/groundgan/bin/python
+ PYTHON=/mnt/apps/users/mmicik//conda/envs/groundgan/bin/python
+ SLURM_ARRAY_JOB_ID=33898382
+ SLURM_ARRAY_TASK_ID=23
+ PID=
+ trap on_exit EXIT
+ export SIZE=2300
+ SIZE=2300
+ export NUM_GENES=2300
+ NUM_GENES=2300
+ mkdir -p results/2300
+ python ./limit-tfs.py -i data/processed/inferred_grnboost2.csv -o results/2300/inferred_grnboost2.csv --num-tfs 2300
+ /mnt/apps/users/mmicik//conda/envs/groundgan/bin/python ./limit-tfs.py -i data/processed/inferred_grnboost2.csv -o results/2300/inferred_grnboost2.csv --num-tfs 2300
+ echo Symbol
+ sort -u
+ cut -d, -f1
+ grep -v TF
+ cp data/processed/test.h5ad data/processed/train.h5ad data/processed/validation.h5ad results/2300/
+ /mnt/shared/scratch/mmicik/private/Geneformer/simulation/GRouNdGAN.worktrees/dedup/scripts/create-grn.sh
/mnt/shared/scratch/mmicik/private/Geneformer/simulation/GRouNdGAN.worktrees/dedup/src/preprocessing/grn_creation.py:146: ImplicitModificationWarning: Trying to modify attribute `._uns` of view, initializing view as actual.
  real_cells.uns["GRouNdGAN_was_subsetted"] = True
++ grep -oE '\([0-9]+, [0-9]+\)'
++ /mnt/apps/users/mmicik//conda/envs/groundgan/bin/python /mnt/shared/scratch/mmicik/private/Geneformer/simulation/GRouNdGAN.worktrees/dedup/../..//inspect_h5ad.py results/2300/train.h5ad
++ cut -d, -f2
++ grep -oE '[0-9]+'
+ NUM_GENES=2534
+ export NUM_GENES
+ PID=4982
+ python /mnt/shared/scratch/mmicik/private/Geneformer/simulation/GRouNdGAN.worktrees/dedup/scripts/measure-gpu-usage.py --output results/2300/gpu-usage.csv
+ /mnt/shared/scratch/mmicik/private/Geneformer/simulation/GRouNdGAN.worktrees/dedup/scripts/train.sh
+ /mnt/apps/users/mmicik//conda/envs/groundgan/bin/python /mnt/shared/scratch/mmicik/private/Geneformer/simulation/GRouNdGAN.worktrees/dedup/scripts/measure-gpu-usage.py --output results/2300/gpu-usage.csv
+ kill -SIGINT 4982
+ python /mnt/shared/scratch/mmicik/private/Geneformer/simulation/GRouNdGAN.worktrees/dedup/scripts/count-parameters.py --checkpoint results/2300/checkpoints/step_20.pth --out results/2300/params-size.json
+ /mnt/apps/users/mmicik//conda/envs/groundgan/bin/python /mnt/shared/scratch/mmicik/private/Geneformer/simulation/GRouNdGAN.worktrees/dedup/scripts/count-parameters.py --checkpoint results/2300/checkpoints/step_20.pth --out results/2300/params-size.json
+ on_exit
+ status=0
+ [[ -n 4982 ]]
+ kill -SIGINT 4982
+ exit 0
