[10:27:13] DEBUG    (optuna) Logger optuna initialized.           loggers.py:100
           DEBUG    (preprocessing.grn_accessor) Logger           loggers.py:100
                    preprocessing.grn_accessor initialized.                     
[10:27:17] DEBUG    (randomness) Logger randomness initialized.   loggers.py:100
           INFO     (randomness) Initial random seed:           randomness.py:11
                    1334836400                                                  
           DEBUG    (limit-tfs) Logger limit-tfs initialized.     loggers.py:100
           INFO     (limit-tfs) Found 2999 TF candidates.        limit-tfs.py:39
           INFO     (limit-tfs) Bipartite filtering retained     limit-tfs.py:45
                    2244 of the 2300 selected TFs (56 regulate                  
                    only other selected TFs).                                   
           INFO     (limit-tfs) Filtered GRN to bipartite graph  limit-tfs.py:50
                    with 2244 TFs and 700 targets.                              
[10:27:18] INFO     (limit-tfs) Saved processed GRN to           limit-tfs.py:92
                    results/2300/inferred_grnboost2.csv                         
Running command on n23-64-512-fawkes
[10:27:22] DEBUG    (optuna) Logger optuna initialized.                                                                                                                                   loggers.py:100
           DEBUG    (GRouNdGAN CLI) Logger GRouNdGAN CLI initialized.                                                                                                                     loggers.py:100
           DEBUG    (randomness) Logger randomness initialized.                                                                                                                           loggers.py:100
           INFO     (randomness) Initial random seed: 3222894385                                                                                                                        randomness.py:11
           INFO     (randomness) Using seed 781759803 for Python and NumPy random number generation.                                                                                    randomness.py:25
[10:27:24] DEBUG    (preprocessing.grn_accessor) Logger preprocessing.grn_accessor initialized.                                                                                           loggers.py:100
[10:27:29] DEBUG    (preprocessing.grn_creation) Logger preprocessing.grn_creation initialized.                                                                                           loggers.py:100
[10:27:30] INFO     (preprocessing.grn_creation) Using already existing GRNBoost2 GRN at results/2300/inferred_grnboost2.csv                                                          grn_creation.py:76
           INFO     (preprocessing.grn_accessor) Filtered GRN to bipartite graph with 2244 TFs and 700 targets.                                                                      grn_accessor.py:139
           INFO     (preprocessing.grn_creation) Creating top 15 GRN from top TFs                                                                                                     grn_creation.py:94
           WARNING  (preprocessing.grn_creation) Excluding 466 targets with no regulators from the causal graph. To include them, set 'include genes with no regulators' to True in  grn_creation.py:129
                    the config.                                                                                                                                                                         
[10:27:31] WARNING  (preprocessing.grn_creation) The provided training dataset has been subsetted to only include genes present in the causal graph. Please adjust the config to use grn_creation.py:152
                    appropriate number of genes.                                                                                                                                                        
           INFO     (preprocessing.grn_creation) Causal graph info:                                                                                                                  grn_creation.py:160
                              ``TFs``    1834                                                                                                                                                           
                          ``Targets``     700                                                                                                                                                           
                                Genes    2534                                                                                                                                                           
                       Possible Edges 1283800                                                                                                                                                           
                        Imposed Edges   10500                                                                                                                                                           
                    GRN density Edges    0.8%                                                                                                                                                           
           INFO     (preprocessing.grn_creation) Successfully saved GRouNdGAN causal graph to results/2300/causal_graph.pkl                                                          grn_creation.py:180
           INFO     (GRouNdGAN CLI) Finished                                                                                                                                                 main.py:141
Running command on n23-64-512-fawkes
[10:27:40] DEBUG    (optuna) Logger optuna initialized.                                                                                                                                   loggers.py:100
           DEBUG    (GRouNdGAN CLI) Logger GRouNdGAN CLI initialized.                                                                                                                     loggers.py:100
           DEBUG    (randomness) Logger randomness initialized.                                                                                                                           loggers.py:100
           INFO     (randomness) Initial random seed: 213943737                                                                                                                         randomness.py:11
           INFO     (randomness) Using seed 781759803 for Python and NumPy random number generation.                                                                                    randomness.py:25
           INFO     (GRouNdGAN CLI) Initializing training libraries...                                                                                                                        main.py:77
[10:27:45] INFO     (randomness) Using seed 781759803 for PyTorch random number generation.                                                                                             randomness.py:42
[10:28:02] DEBUG    (evaluation.MMD) Logger evaluation.MMD initialized.                                                                                                                   loggers.py:100
           DEBUG    (evaluate) Logger evaluate initialized.                                                                                                                               loggers.py:100
           DEBUG    (training.gan) Logger training.gan initialized.                                                                                                                       loggers.py:100
           INFO     (training.gan) Initializing training...                                                                                                                                   gan.py:727
           DEBUG    (training.gan) Initializing data loaders...                                                                                                                                gan.py:87
           DEBUG    (training.gan) Initializing optimizers...                                                                                                                                  gan.py:94
           DEBUG    (training.gan) Initializing schedulers...                                                                                                                                 gan.py:112
           DEBUG    (training.gan) Initializing UMAP...                                                                                                                                       gan.py:130
[10:28:11] DEBUG    (training.gan) Saving model graph...                                                                                                                                      gan.py:734
[10:28:12] INFO     (training.gan) Starting training loop...                                                                                                                                  gan.py:749
[10:28:47] DEBUG    (training.gan) Step 0/20 completed in 34522 milliseconds (average: nan ms)                                                                                                gan.py:778
[10:29:06] DEBUG    (training.gan) Step 1/20 completed in 19775 milliseconds (average: nan ms)                                                                                                gan.py:778
           DEBUG    (training.gan) Step 2/20 completed in 26 milliseconds (average: 26 ms)                                                                                                    gan.py:778
           DEBUG    (training.gan) Step 3/20 completed in 24 milliseconds (average: 25 ms)                                                                                                    gan.py:778
           DEBUG    (training.gan) Step 4/20 completed in 24 milliseconds (average: 25 ms)                                                                                                    gan.py:778
           DEBUG    (training.gan) Step 5/20 completed in 26 milliseconds (average: 25 ms)                                                                                                    gan.py:778
[10:29:07] DEBUG    (training.gan) Step 6/20 completed in 24 milliseconds (average: 25 ms)                                                                                                    gan.py:778
           DEBUG    (training.gan) Step 7/20 completed in 27 milliseconds (average: 26 ms)                                                                                                    gan.py:778
           DEBUG    (training.gan) Step 8/20 completed in 26 milliseconds (average: 26 ms)                                                                                                    gan.py:778
           DEBUG    (training.gan) Step 9/20 completed in 25 milliseconds (average: 26 ms)                                                                                                    gan.py:778
           DEBUG    (training.gan) Step 10/20 completed in 26 milliseconds (average: 26 ms)                                                                                                   gan.py:778
           DEBUG    (training.gan) Step 11/20 completed in 26 milliseconds (average: 26 ms)                                                                                                   gan.py:778
           DEBUG    (training.gan) Step 12/20 completed in 28 milliseconds (average: 26 ms)                                                                                                   gan.py:778
           DEBUG    (training.gan) Step 13/20 completed in 34 milliseconds (average: 27 ms)                                                                                                   gan.py:778
           DEBUG    (training.gan) Step 14/20 completed in 38 milliseconds (average: 28 ms)                                                                                                   gan.py:778
           DEBUG    (training.gan) Step 15/20 completed in 43 milliseconds (average: 29 ms)                                                                                                   gan.py:778
           DEBUG    (training.gan) Step 16/20 completed in 42 milliseconds (average: 30 ms)                                                                                                   gan.py:778
           DEBUG    (training.gan) Step 17/20 completed in 42 milliseconds (average: 31 ms)                                                                                                   gan.py:778
           DEBUG    (training.gan) Step 18/20 completed in 41 milliseconds (average: 31 ms)                                                                                                   gan.py:778
           DEBUG    (training.gan) Step 19/20 completed in 28 milliseconds (average: 31 ms)                                                                                                   gan.py:778
           DEBUG    (training.gan) Step 20/20 completed in 22 milliseconds (average: 31 ms)                                                                                                   gan.py:778
           DEBUG    (training.gan) Computing validation loss...                                                                                                                               gan.py:516
[10:29:27] INFO     (training.gan) Step 20:                                                                                                                                                   gan.py:581
                    Generator Loss                             2.7e+03                                                                                                                                  
                    Generator Total Loss                       2.7e+03                                                                                                                                  
                    Critic Total Loss                         -9.2e+03                                                                                                                                  
                    Critic Fake Loss                          -2.6e+03                                                                                                                                  
                    Critic Real Loss                          -6.9e+03                                                                                                                                  
                    Critic Gradient Penalty Loss               3.6e+02                                                                                                                                  
                    Total Loss                                -6.1e+03                                                                                                                                  
                    Validation Generator Loss                  4.9e+03                                                                                                                                  
                    Validation Generator Total Loss            4.9e+03                                                                                                                                  
                    Validation Critic Fake Loss               -4.9e+03                                                                                                                                  
                    Validation Critic Real Loss               -1.2e+04                                                                                                                                  
                    Validation Critic Gradient Penalty Loss    8.5e+02                                                                                                                                  
                    Validation Critic Total Loss              -1.6e+04                                                                                                                                  
                    Validation Total Loss                     -1.1e+04                                                                                                                                  
           DEBUG    (training.gan) Step 20:                                                                                                                                                   gan.py:582
                    Generator LR               8.9e-08                                                                                                                                                  
                    Critic LR                    1e-05                                                                                                                                                  
                    Generator Avg Abs Weight     0.042                                                                                                                                                  
                    Critic Avg Abs Weight        0.026                                                                                                                                                  
           DEBUG    (training.gan) Generating UMAP plots...                                                                                                                                   gan.py:625
[10:29:30] DEBUG    (training.gan) Step 20: Computing Random Forest AUROC...                                                                                                                  gan.py:660
[10:29:33] INFO     (training.gan) Step 20: Computed Random Forest AUROC: 1.000                                                                                                               gan.py:672
           DEBUG    (training.gan) Logger training.gan initialized.                                                                                                                       loggers.py:100
           INFO     (training.gan) Initializing training...                                                                                                                                   gan.py:727
           DEBUG    (training.gan) Initializing data loaders...                                                                                                                                gan.py:87
           DEBUG    (training.gan) Initializing optimizers...                                                                                                                                  gan.py:94
           DEBUG    (training.gan) Initializing schedulers...                                                                                                                                 gan.py:112
           DEBUG    (training.gan) Initializing UMAP...                                                                                                                                       gan.py:130
[10:29:36] DEBUG    (training.gan) Saving model graph...                                                                                                                                      gan.py:734
[10:29:37] INFO     (training.gan) Starting training loop...                                                                                                                                  gan.py:749
[10:30:55] DEBUG    (training.gan) Step 0/20 completed in 78316 milliseconds (average: nan ms)                                                                                                gan.py:778
[10:31:48] DEBUG    (training.gan) Step 1/20 completed in 52700 milliseconds (average: nan ms)                                                                                                gan.py:778
           DEBUG    (training.gan) Step 2/20 completed in 80 milliseconds (average: 81 ms)                                                                                                    gan.py:778
           DEBUG    (training.gan) Step 3/20 completed in 79 milliseconds (average: 80 ms)                                                                                                    gan.py:778
           DEBUG    (training.gan) Step 4/20 completed in 76 milliseconds (average: 79 ms)                                                                                                    gan.py:778
           DEBUG    (training.gan) Step 5/20 completed in 77 milliseconds (average: 79 ms)                                                                                                    gan.py:778
           DEBUG    (training.gan) Step 6/20 completed in 76 milliseconds (average: 78 ms)                                                                                                    gan.py:778
           DEBUG    (training.gan) Step 7/20 completed in 77 milliseconds (average: 78 ms)                                                                                                    gan.py:778
           DEBUG    (training.gan) Step 8/20 completed in 76 milliseconds (average: 78 ms)                                                                                                    gan.py:778
           DEBUG    (training.gan) Step 9/20 completed in 77 milliseconds (average: 78 ms)                                                                                                    gan.py:778
           DEBUG    (training.gan) Step 10/20 completed in 77 milliseconds (average: 78 ms)                                                                                                   gan.py:778
           DEBUG    (training.gan) Step 11/20 completed in 77 milliseconds (average: 78 ms)                                                                                                   gan.py:778
[10:31:49] DEBUG    (training.gan) Step 12/20 completed in 77 milliseconds (average: 78 ms)                                                                                                   gan.py:778
           DEBUG    (training.gan) Step 13/20 completed in 77 milliseconds (average: 78 ms)                                                                                                   gan.py:778
           DEBUG    (training.gan) Step 14/20 completed in 77 milliseconds (average: 78 ms)                                                                                                   gan.py:778
           DEBUG    (training.gan) Step 15/20 completed in 77 milliseconds (average: 78 ms)                                                                                                   gan.py:778
           DEBUG    (training.gan) Step 16/20 completed in 77 milliseconds (average: 78 ms)                                                                                                   gan.py:778
           DEBUG    (training.gan) Step 17/20 completed in 77 milliseconds (average: 78 ms)                                                                                                   gan.py:778
           DEBUG    (training.gan) Step 18/20 completed in 79 milliseconds (average: 78 ms)                                                                                                   gan.py:778
           DEBUG    (training.gan) Step 19/20 completed in 77 milliseconds (average: 78 ms)                                                                                                   gan.py:778
           DEBUG    (training.gan) Step 20/20 completed in 77 milliseconds (average: 78 ms)                                                                                                   gan.py:778
[10:31:50] DEBUG    (training.gan) Computing validation loss...                                                                                                                               gan.py:516
[10:32:04] INFO     (training.gan) Step 20:                                                                                                                                                   gan.py:581
                    Generator Loss                             5.6e+03                                                                                                                                  
                    Generator Labeler Loss                     3.4e+02                                                                                                                                  
                    Generator Antilabeler Loss                 3.5e+02                                                                                                                                  
                    Generator Total Loss                       6.3e+03                                                                                                                                  
                    Critic Total Loss                         -4.9e+05                                                                                                                                  
                    Critic Fake Loss                          -6.8e+03                                                                                                                                  
                    Critic Real Loss                          -9.3e+05                                                                                                                                  
                    Critic Gradient Penalty Loss               4.5e+05                                                                                                                                  
                    Total Loss                                -4.6e+05                                                                                                                                  
                    Labeler Real Loss                          1.6e+04                                                                                                                                  
                    Labeler Fake Loss                          3.4e+02                                                                                                                                  
                    Antilabeler Loss                           3.5e+02                                                                                                                                  
                    Validation Generator Loss                  6.5e+03                                                                                                                                  
                    Validation Generator Total Loss            6.5e+03                                                                                                                                  
                    Validation Critic Fake Loss               -6.5e+03                                                                                                                                  
                    Validation Critic Real Loss               -1.2e+06                                                                                                                                  
                    Validation Critic Gradient Penalty Loss    6.1e+05                                                                                                                                  
                    Validation Critic Total Loss              -6.1e+05                                                                                                                                  
                    Validation Total Loss                       -6e+05                                                                                                                                  
           DEBUG    (training.gan) Step 20:                                                                                                                                                   gan.py:582
                    Generator LR               8.9e-07                                                                                                                                                  
                    Critic LR                    0.001                                                                                                                                                  
                    Labeler LR                  0.0001                                                                                                                                                  
                    Antilabeler LR              0.0001                                                                                                                                                  
                    Generator Avg Abs Weight      0.04                                                                                                                                                  
                    Critic Avg Abs Weight        0.026                                                                                                                                                  
           DEBUG    (training.gan) Generating UMAP plots...                                                                                                                                   gan.py:625
[10:32:05] DEBUG    (training.gan) Step 20: Computing Random Forest AUROC...                                                                                                                  gan.py:660
[10:32:07] INFO     (training.gan) Step 20: Computed Random Forest AUROC: 1.000                                                                                                               gan.py:672
           INFO     (GRouNdGAN CLI) Finished                                                                                                                                                 main.py:141
[09/01/26 10:32:54] INFO     Loading checkpoint from      count-parameters.py:48
                             'results/2300/checkpoints/st                       
                             ep_20.pth' on cuda                                 
[09/01/26 10:32:55] INFO     Parameter counts:            count-parameters.py:60
                             gen_state_dict                                     
                             5.11M parameters                                   
                             crit_state_dict                                    
                             3.25M parameters                                   
                             labeler_state_dict                                 
                             13.1M parameters                                   
                             antilabeler_state_dict                             
                             13.1M parameters                                   
                             step                                               
                             1 parameters                                       
                             gen_optimizer_state_dict                           
                             1.95M parameters                                   
                             crit_optimizer_state_dict                          
                             9.76M parameters                                   
                             labeler_optimizer_state_dict                       
                             39.26M parameters                                  
                             antilabeler_optimizer_state_                       
                             dict  39.26M parameters                            
                             gen_scheduler_state_dict                           
                             19 parameters                                      
                             crit_scheduler_state_dict                          
                             7 parameters                                       
                    INFO     Successfully saved parameter count-parameters.py:64
                             counts to                                          
                             'results/2300/params-size.js                       
                             on'                                                
