[10:27:47] DEBUG    (optuna) Logger optuna initialized.           loggers.py:100
           DEBUG    (preprocessing.grn_accessor) Logger           loggers.py:100
                    preprocessing.grn_accessor initialized.                     
[10:27:50] DEBUG    (randomness) Logger randomness initialized.   loggers.py:100
           INFO     (randomness) Initial random seed: 45824238  randomness.py:11
           DEBUG    (limit-tfs) Logger limit-tfs initialized.     loggers.py:100
[10:27:51] INFO     (limit-tfs) Found 2999 TF candidates.        limit-tfs.py:39
           INFO     (limit-tfs) Bipartite filtering retained     limit-tfs.py:45
                    2318 of the 2700 selected TFs (382 regulate                 
                    only other selected TFs).                                   
           INFO     (limit-tfs) Filtered GRN to bipartite graph  limit-tfs.py:50
                    with 2318 TFs and 300 targets.                              
           INFO     (limit-tfs) Saved processed GRN to           limit-tfs.py:92
                    results/2700/inferred_grnboost2.csv                         
Running command on n23-64-512-dobby
[10:27:52] DEBUG    (optuna) Logger optuna initialized.                                                                                                                                   loggers.py:100
           DEBUG    (GRouNdGAN CLI) Logger GRouNdGAN CLI initialized.                                                                                                                     loggers.py:100
           DEBUG    (randomness) Logger randomness initialized.                                                                                                                           loggers.py:100
           INFO     (randomness) Initial random seed: 1299851283                                                                                                                        randomness.py:11
[10:27:53] INFO     (randomness) Using seed 781759803 for Python and NumPy random number generation.                                                                                    randomness.py:25
[10:27:54] DEBUG    (preprocessing.grn_accessor) Logger preprocessing.grn_accessor initialized.                                                                                           loggers.py:100
[10:27:58] DEBUG    (preprocessing.grn_creation) Logger preprocessing.grn_creation initialized.                                                                                           loggers.py:100
[10:27:59] INFO     (preprocessing.grn_creation) Using already existing GRNBoost2 GRN at results/2700/inferred_grnboost2.csv                                                          grn_creation.py:76
           INFO     (preprocessing.grn_accessor) Filtered GRN to bipartite graph with 2318 TFs and 300 targets.                                                                      grn_accessor.py:139
           INFO     (preprocessing.grn_creation) Creating top 15 GRN from top TFs                                                                                                     grn_creation.py:94
           WARNING  (preprocessing.grn_creation) Excluding 1294 targets with no regulators from the causal graph. To include them, set 'include genes with no regulators' to True in grn_creation.py:129
                    the config.                                                                                                                                                                         
           WARNING  (preprocessing.grn_creation) The provided training dataset has been subsetted to only include genes present in the causal graph. Please adjust the config to use grn_creation.py:152
                    appropriate number of genes.                                                                                                                                                        
           INFO     (preprocessing.grn_creation) Causal graph info:                                                                                                                  grn_creation.py:160
                              ``TFs``   1406                                                                                                                                                            
                          ``Targets``    300                                                                                                                                                            
                                Genes   1706                                                                                                                                                            
                       Possible Edges 421800                                                                                                                                                            
                        Imposed Edges   4500                                                                                                                                                            
                    GRN density Edges   1.1%                                                                                                                                                            
           INFO     (preprocessing.grn_creation) Successfully saved GRouNdGAN causal graph to results/2700/causal_graph.pkl                                                          grn_creation.py:180
[10:28:00] INFO     (GRouNdGAN CLI) Finished                                                                                                                                                 main.py:141
Running command on n23-64-512-dobby
[10:28:03] DEBUG    (optuna) Logger optuna initialized.                                                                                                                                   loggers.py:100
           DEBUG    (GRouNdGAN CLI) Logger GRouNdGAN CLI initialized.                                                                                                                     loggers.py:100
           DEBUG    (randomness) Logger randomness initialized.                                                                                                                           loggers.py:100
           INFO     (randomness) Initial random seed: 3511823868                                                                                                                        randomness.py:11
           INFO     (randomness) Using seed 781759803 for Python and NumPy random number generation.                                                                                    randomness.py:25
           INFO     (GRouNdGAN CLI) Initializing training libraries...                                                                                                                        main.py:77
[10:28:07] INFO     (randomness) Using seed 781759803 for PyTorch random number generation.                                                                                             randomness.py:42
[10:28:24] DEBUG    (evaluation.MMD) Logger evaluation.MMD initialized.                                                                                                                   loggers.py:100
           DEBUG    (evaluate) Logger evaluate initialized.                                                                                                                               loggers.py:100
           DEBUG    (training.gan) Logger training.gan initialized.                                                                                                                       loggers.py:100
           INFO     (training.gan) Initializing training...                                                                                                                                   gan.py:727
           DEBUG    (training.gan) Initializing data loaders...                                                                                                                                gan.py:87
[10:28:25] DEBUG    (training.gan) Initializing optimizers...                                                                                                                                  gan.py:94
           DEBUG    (training.gan) Initializing schedulers...                                                                                                                                 gan.py:112
           DEBUG    (training.gan) Initializing UMAP...                                                                                                                                       gan.py:130
[10:28:33] DEBUG    (training.gan) Saving model graph...                                                                                                                                      gan.py:734
[10:28:34] INFO     (training.gan) Starting training loop...                                                                                                                                  gan.py:749
[10:29:08] DEBUG    (training.gan) Step 0/20 completed in 33908 milliseconds (average: nan ms)                                                                                                gan.py:778
[10:29:27] DEBUG    (training.gan) Step 1/20 completed in 18187 milliseconds (average: nan ms)                                                                                                gan.py:778
           DEBUG    (training.gan) Step 2/20 completed in 26 milliseconds (average: 26 ms)                                                                                                    gan.py:778
           DEBUG    (training.gan) Step 3/20 completed in 30 milliseconds (average: 28 ms)                                                                                                    gan.py:778
           DEBUG    (training.gan) Step 4/20 completed in 32 milliseconds (average: 30 ms)                                                                                                    gan.py:778
           DEBUG    (training.gan) Step 5/20 completed in 32 milliseconds (average: 30 ms)                                                                                                    gan.py:778
           DEBUG    (training.gan) Step 6/20 completed in 39 milliseconds (average: 32 ms)                                                                                                    gan.py:778
           DEBUG    (training.gan) Step 7/20 completed in 40 milliseconds (average: 33 ms)                                                                                                    gan.py:778
           DEBUG    (training.gan) Step 8/20 completed in 39 milliseconds (average: 34 ms)                                                                                                    gan.py:778
           DEBUG    (training.gan) Step 9/20 completed in 39 milliseconds (average: 35 ms)                                                                                                    gan.py:778
           DEBUG    (training.gan) Step 10/20 completed in 39 milliseconds (average: 36 ms)                                                                                                   gan.py:778
           DEBUG    (training.gan) Step 11/20 completed in 39 milliseconds (average: 36 ms)                                                                                                   gan.py:778
           DEBUG    (training.gan) Step 12/20 completed in 39 milliseconds (average: 36 ms)                                                                                                   gan.py:778
           DEBUG    (training.gan) Step 13/20 completed in 39 milliseconds (average: 37 ms)                                                                                                   gan.py:778
           DEBUG    (training.gan) Step 14/20 completed in 39 milliseconds (average: 37 ms)                                                                                                   gan.py:778
           DEBUG    (training.gan) Step 15/20 completed in 39 milliseconds (average: 37 ms)                                                                                                   gan.py:778
           DEBUG    (training.gan) Step 16/20 completed in 40 milliseconds (average: 37 ms)                                                                                                   gan.py:778
           DEBUG    (training.gan) Step 17/20 completed in 41 milliseconds (average: 38 ms)                                                                                                   gan.py:778
           DEBUG    (training.gan) Step 18/20 completed in 40 milliseconds (average: 38 ms)                                                                                                   gan.py:778
           DEBUG    (training.gan) Step 19/20 completed in 40 milliseconds (average: 38 ms)                                                                                                   gan.py:778
           DEBUG    (training.gan) Step 20/20 completed in 39 milliseconds (average: 38 ms)                                                                                                   gan.py:778
           DEBUG    (training.gan) Computing validation loss...                                                                                                                               gan.py:516
[10:29:46] INFO     (training.gan) Step 20:                                                                                                                                                   gan.py:581
                    Generator Loss                             2.7e+03                                                                                                                                  
                    Generator Total Loss                       2.7e+03                                                                                                                                  
                    Critic Total Loss                         -8.8e+03                                                                                                                                  
                    Critic Fake Loss                          -2.7e+03                                                                                                                                  
                    Critic Real Loss                          -6.4e+03                                                                                                                                  
                    Critic Gradient Penalty Loss               2.8e+02                                                                                                                                  
                    Total Loss                                -5.7e+03                                                                                                                                  
                    Validation Generator Loss                  5.1e+03                                                                                                                                  
                    Validation Generator Total Loss            5.1e+03                                                                                                                                  
                    Validation Critic Fake Loss               -5.1e+03                                                                                                                                  
                    Validation Critic Real Loss               -1.1e+04                                                                                                                                  
                    Validation Critic Gradient Penalty Loss    6.9e+02                                                                                                                                  
                    Validation Critic Total Loss              -1.5e+04                                                                                                                                  
                    Validation Total Loss                       -1e+04                                                                                                                                  
           DEBUG    (training.gan) Step 20:                                                                                                                                                   gan.py:582
                    Generator LR               8.9e-08                                                                                                                                                  
                    Critic LR                    1e-05                                                                                                                                                  
                    Generator Avg Abs Weight     0.044                                                                                                                                                  
                    Critic Avg Abs Weight         0.03                                                                                                                                                  
           DEBUG    (training.gan) Generating UMAP plots...                                                                                                                                   gan.py:625
[10:29:50] DEBUG    (training.gan) Step 20: Computing Random Forest AUROC...                                                                                                                  gan.py:660
[10:29:52] INFO     (training.gan) Step 20: Computed Random Forest AUROC: 1.000                                                                                                               gan.py:672
[10:29:53] DEBUG    (training.gan) Logger training.gan initialized.                                                                                                                       loggers.py:100
           INFO     (training.gan) Initializing training...                                                                                                                                   gan.py:727
           DEBUG    (training.gan) Initializing data loaders...                                                                                                                                gan.py:87
           DEBUG    (training.gan) Initializing optimizers...                                                                                                                                  gan.py:94
           DEBUG    (training.gan) Initializing schedulers...                                                                                                                                 gan.py:112
           DEBUG    (training.gan) Initializing UMAP...                                                                                                                                       gan.py:130
[10:29:56] DEBUG    (training.gan) Saving model graph...                                                                                                                                      gan.py:734
           INFO     (training.gan) Starting training loop...                                                                                                                                  gan.py:749
[10:31:12] DEBUG    (training.gan) Step 0/20 completed in 76166 milliseconds (average: nan ms)                                                                                                gan.py:778
[10:32:05] DEBUG    (training.gan) Step 1/20 completed in 52356 milliseconds (average: nan ms)                                                                                                gan.py:778
           DEBUG    (training.gan) Step 2/20 completed in 53 milliseconds (average: 53 ms)                                                                                                    gan.py:778
           DEBUG    (training.gan) Step 3/20 completed in 52 milliseconds (average: 53 ms)                                                                                                    gan.py:778
           DEBUG    (training.gan) Step 4/20 completed in 66 milliseconds (average: 58 ms)                                                                                                    gan.py:778
           DEBUG    (training.gan) Step 5/20 completed in 68 milliseconds (average: 60 ms)                                                                                                    gan.py:778
           DEBUG    (training.gan) Step 6/20 completed in 69 milliseconds (average: 62 ms)                                                                                                    gan.py:778
           DEBUG    (training.gan) Step 7/20 completed in 70 milliseconds (average: 63 ms)                                                                                                    gan.py:778
           DEBUG    (training.gan) Step 8/20 completed in 71 milliseconds (average: 65 ms)                                                                                                    gan.py:778
           DEBUG    (training.gan) Step 9/20 completed in 66 milliseconds (average: 65 ms)                                                                                                    gan.py:778
           DEBUG    (training.gan) Step 10/20 completed in 61 milliseconds (average: 64 ms)                                                                                                   gan.py:778
           DEBUG    (training.gan) Step 11/20 completed in 64 milliseconds (average: 64 ms)                                                                                                   gan.py:778
           DEBUG    (training.gan) Step 12/20 completed in 66 milliseconds (average: 65 ms)                                                                                                   gan.py:778
           DEBUG    (training.gan) Step 13/20 completed in 66 milliseconds (average: 65 ms)                                                                                                   gan.py:778
           DEBUG    (training.gan) Step 14/20 completed in 64 milliseconds (average: 65 ms)                                                                                                   gan.py:778
[10:32:06] DEBUG    (training.gan) Step 15/20 completed in 67 milliseconds (average: 65 ms)                                                                                                   gan.py:778
           DEBUG    (training.gan) Step 16/20 completed in 64 milliseconds (average: 65 ms)                                                                                                   gan.py:778
           DEBUG    (training.gan) Step 17/20 completed in 65 milliseconds (average: 65 ms)                                                                                                   gan.py:778
           DEBUG    (training.gan) Step 18/20 completed in 64 milliseconds (average: 65 ms)                                                                                                   gan.py:778
           DEBUG    (training.gan) Step 19/20 completed in 64 milliseconds (average: 65 ms)                                                                                                   gan.py:778
           DEBUG    (training.gan) Step 20/20 completed in 61 milliseconds (average: 65 ms)                                                                                                   gan.py:778
           DEBUG    (training.gan) Computing validation loss...                                                                                                                               gan.py:516
[10:32:20] INFO     (training.gan) Step 20:                                                                                                                                                   gan.py:581
                    Generator Loss                             7.6e+03                                                                                                                                  
                    Generator Labeler Loss                       6e+02                                                                                                                                  
                    Generator Antilabeler Loss                   6e+02                                                                                                                                  
                    Generator Total Loss                       8.8e+03                                                                                                                                  
                    Critic Total Loss                         -4.9e+05                                                                                                                                  
                    Critic Fake Loss                          -1.1e+04                                                                                                                                  
                    Critic Real Loss                          -9.2e+05                                                                                                                                  
                    Critic Gradient Penalty Loss               4.5e+05                                                                                                                                  
                    Total Loss                                -4.5e+05                                                                                                                                  
                    Labeler Real Loss                          2.1e+04                                                                                                                                  
                    Labeler Fake Loss                            6e+02                                                                                                                                  
                    Antilabeler Loss                             6e+02                                                                                                                                  
                    Validation Generator Loss                  7.3e+02                                                                                                                                  
                    Validation Generator Total Loss            7.3e+02                                                                                                                                  
                    Validation Critic Fake Loss               -7.3e+02                                                                                                                                  
                    Validation Critic Real Loss               -1.2e+06                                                                                                                                  
                    Validation Critic Gradient Penalty Loss      6e+05                                                                                                                                  
                    Validation Critic Total Loss              -6.1e+05                                                                                                                                  
                    Validation Total Loss                     -6.1e+05                                                                                                                                  
           DEBUG    (training.gan) Step 20:                                                                                                                                                   gan.py:582
                    Generator LR               8.9e-07                                                                                                                                                  
                    Critic LR                    0.001                                                                                                                                                  
                    Labeler LR                  0.0001                                                                                                                                                  
                    Antilabeler LR              0.0001                                                                                                                                                  
                    Generator Avg Abs Weight     0.039                                                                                                                                                  
                    Critic Avg Abs Weight        0.031                                                                                                                                                  
           DEBUG    (training.gan) Generating UMAP plots...                                                                                                                                   gan.py:625
[10:32:21] DEBUG    (training.gan) Step 20: Computing Random Forest AUROC...                                                                                                                  gan.py:660
[10:32:23] INFO     (training.gan) Step 20: Computed Random Forest AUROC: 1.000                                                                                                               gan.py:672
           INFO     (GRouNdGAN CLI) Finished                                                                                                                                                 main.py:141
[09/01/26 10:33:10] INFO     Loading checkpoint from      count-parameters.py:48
                             'results/2700/checkpoints/st                       
                             ep_20.pth' on cuda                                 
[09/01/26 10:33:11] INFO     Parameter counts:            count-parameters.py:60
                             gen_state_dict                                     
                             3.22M parameters                                   
                             crit_state_dict                                    
                             2.4M parameters                                    
                             labeler_state_dict                                 
                             11.44M parameters                                  
                             antilabeler_state_dict                             
                             11.44M parameters                                  
                             step                                               
                             1 parameters                                       
                             gen_optimizer_state_dict                           
                             836.14k parameters                                 
                             crit_optimizer_state_dict                          
                             7.21M parameters                                   
                             labeler_optimizer_state_dict                       
                             34.29M parameters                                  
                             antilabeler_optimizer_state_                       
                             dict   34.29M parameters                           
                             gen_scheduler_state_dict                           
                             19 parameters                                      
                             crit_scheduler_state_dict                          
                             7 parameters                                       
                    INFO     Successfully saved parameter count-parameters.py:64
                             counts to                                          
                             'results/2700/params-size.js                       
                             on'                                                
