[10:33:13] DEBUG    (optuna) Logger optuna initialized.           loggers.py:100
           DEBUG    (preprocessing.grn_accessor) Logger           loggers.py:100
                    preprocessing.grn_accessor initialized.                     
[10:33:18] DEBUG    (randomness) Logger randomness initialized.   loggers.py:100
           INFO     (randomness) Initial random seed:           randomness.py:11
                    3548513381                                                  
           DEBUG    (limit-tfs) Logger limit-tfs initialized.     loggers.py:100
           INFO     (limit-tfs) Found 2999 TF candidates.        limit-tfs.py:39
           INFO     (limit-tfs) Bipartite filtering retained     limit-tfs.py:45
                    2178 of the 2800 selected TFs (622 regulate                 
                    only other selected TFs).                                   
           INFO     (limit-tfs) Filtered GRN to bipartite graph  limit-tfs.py:50
                    with 2178 TFs and 200 targets.                              
           INFO     (limit-tfs) Saved processed GRN to           limit-tfs.py:92
                    results/2800/inferred_grnboost2.csv                         
Running command on n23-64-512-aragog
[10:33:21] DEBUG    (optuna) Logger optuna initialized.                                                                                                                                   loggers.py:100
           DEBUG    (GRouNdGAN CLI) Logger GRouNdGAN CLI initialized.                                                                                                                     loggers.py:100
           DEBUG    (randomness) Logger randomness initialized.                                                                                                                           loggers.py:100
           INFO     (randomness) Initial random seed: 1667750162                                                                                                                        randomness.py:11
           INFO     (randomness) Using seed 781759803 for Python and NumPy random number generation.                                                                                    randomness.py:25
[10:33:23] DEBUG    (preprocessing.grn_accessor) Logger preprocessing.grn_accessor initialized.                                                                                           loggers.py:100
[10:33:29] DEBUG    (preprocessing.grn_creation) Logger preprocessing.grn_creation initialized.                                                                                           loggers.py:100
[10:33:30] INFO     (preprocessing.grn_creation) Using already existing GRNBoost2 GRN at results/2800/inferred_grnboost2.csv                                                          grn_creation.py:76
           INFO     (preprocessing.grn_accessor) Filtered GRN to bipartite graph with 2178 TFs and 200 targets.                                                                      grn_accessor.py:139
           INFO     (preprocessing.grn_creation) Creating top 15 GRN from top TFs                                                                                                     grn_creation.py:94
           WARNING  (preprocessing.grn_creation) Excluding 1645 targets with no regulators from the causal graph. To include them, set 'include genes with no regulators' to True in grn_creation.py:129
                    the config.                                                                                                                                                                         
[10:33:31] WARNING  (preprocessing.grn_creation) The provided training dataset has been subsetted to only include genes present in the causal graph. Please adjust the config to use grn_creation.py:152
                    appropriate number of genes.                                                                                                                                                        
           INFO     (preprocessing.grn_creation) Causal graph info:                                                                                                                  grn_creation.py:160
                              ``TFs``   1155                                                                                                                                                            
                          ``Targets``    200                                                                                                                                                            
                                Genes   1355                                                                                                                                                            
                       Possible Edges 231000                                                                                                                                                            
                        Imposed Edges   3000                                                                                                                                                            
                    GRN density Edges   1.3%                                                                                                                                                            
           INFO     (preprocessing.grn_creation) Successfully saved GRouNdGAN causal graph to results/2800/causal_graph.pkl                                                          grn_creation.py:180
           INFO     (GRouNdGAN CLI) Finished                                                                                                                                                 main.py:141
Running command on n23-64-512-aragog
[10:33:34] DEBUG    (optuna) Logger optuna initialized.                                                                                                                                   loggers.py:100
           DEBUG    (GRouNdGAN CLI) Logger GRouNdGAN CLI initialized.                                                                                                                     loggers.py:100
           DEBUG    (randomness) Logger randomness initialized.                                                                                                                           loggers.py:100
           INFO     (randomness) Initial random seed: 2816284946                                                                                                                        randomness.py:11
           INFO     (randomness) Using seed 781759803 for Python and NumPy random number generation.                                                                                    randomness.py:25
           INFO     (GRouNdGAN CLI) Initializing training libraries...                                                                                                                        main.py:77
[10:33:41] INFO     (randomness) Using seed 781759803 for PyTorch random number generation.                                                                                             randomness.py:42
[10:33:58] DEBUG    (evaluation.MMD) Logger evaluation.MMD initialized.                                                                                                                   loggers.py:100
           DEBUG    (evaluate) Logger evaluate initialized.                                                                                                                               loggers.py:100
[10:34:00] DEBUG    (training.gan) Logger training.gan initialized.                                                                                                                       loggers.py:100
           INFO     (training.gan) Initializing training...                                                                                                                                   gan.py:727
           DEBUG    (training.gan) Initializing data loaders...                                                                                                                                gan.py:87
           DEBUG    (training.gan) Initializing optimizers...                                                                                                                                  gan.py:94
           DEBUG    (training.gan) Initializing schedulers...                                                                                                                                 gan.py:112
           DEBUG    (training.gan) Initializing UMAP...                                                                                                                                       gan.py:130
[10:34:09] DEBUG    (training.gan) Saving model graph...                                                                                                                                      gan.py:734
[10:34:11] INFO     (training.gan) Starting training loop...                                                                                                                                  gan.py:749
[10:34:44] DEBUG    (training.gan) Step 0/20 completed in 33555 milliseconds (average: nan ms)                                                                                                gan.py:778
[10:35:03] DEBUG    (training.gan) Step 1/20 completed in 18288 milliseconds (average: nan ms)                                                                                                gan.py:778
           DEBUG    (training.gan) Step 2/20 completed in 29 milliseconds (average: 29 ms)                                                                                                    gan.py:778
           DEBUG    (training.gan) Step 3/20 completed in 36 milliseconds (average: 33 ms)                                                                                                    gan.py:778
           DEBUG    (training.gan) Step 4/20 completed in 37 milliseconds (average: 35 ms)                                                                                                    gan.py:778
           DEBUG    (training.gan) Step 5/20 completed in 42 milliseconds (average: 36 ms)                                                                                                    gan.py:778
           DEBUG    (training.gan) Step 6/20 completed in 41 milliseconds (average: 37 ms)                                                                                                    gan.py:778
           DEBUG    (training.gan) Step 7/20 completed in 40 milliseconds (average: 38 ms)                                                                                                    gan.py:778
           DEBUG    (training.gan) Step 8/20 completed in 41 milliseconds (average: 38 ms)                                                                                                    gan.py:778
           DEBUG    (training.gan) Step 9/20 completed in 41 milliseconds (average: 39 ms)                                                                                                    gan.py:778
           DEBUG    (training.gan) Step 10/20 completed in 41 milliseconds (average: 39 ms)                                                                                                   gan.py:778
           DEBUG    (training.gan) Step 11/20 completed in 41 milliseconds (average: 39 ms)                                                                                                   gan.py:778
           DEBUG    (training.gan) Step 12/20 completed in 41 milliseconds (average: 39 ms)                                                                                                   gan.py:778
           DEBUG    (training.gan) Step 13/20 completed in 41 milliseconds (average: 40 ms)                                                                                                   gan.py:778
           DEBUG    (training.gan) Step 14/20 completed in 40 milliseconds (average: 40 ms)                                                                                                   gan.py:778
           DEBUG    (training.gan) Step 15/20 completed in 41 milliseconds (average: 40 ms)                                                                                                   gan.py:778
           DEBUG    (training.gan) Step 16/20 completed in 40 milliseconds (average: 40 ms)                                                                                                   gan.py:778
           DEBUG    (training.gan) Step 17/20 completed in 41 milliseconds (average: 40 ms)                                                                                                   gan.py:778
           DEBUG    (training.gan) Step 18/20 completed in 34 milliseconds (average: 40 ms)                                                                                                   gan.py:778
           DEBUG    (training.gan) Step 19/20 completed in 37 milliseconds (average: 40 ms)                                                                                                   gan.py:778
[10:35:04] DEBUG    (training.gan) Step 20/20 completed in 36 milliseconds (average: 39 ms)                                                                                                   gan.py:778
           DEBUG    (training.gan) Computing validation loss...                                                                                                                               gan.py:516
[10:35:24] INFO     (training.gan) Step 20:                                                                                                                                                   gan.py:581
                    Generator Loss                             2.4e+03                                                                                                                                  
                    Generator Total Loss                       2.4e+03                                                                                                                                  
                    Critic Total Loss                         -9.4e+03                                                                                                                                  
                    Critic Fake Loss                          -2.3e+03                                                                                                                                  
                    Critic Real Loss                          -7.3e+03                                                                                                                                  
                    Critic Gradient Penalty Loss               2.3e+02                                                                                                                                  
                    Total Loss                                -6.6e+03                                                                                                                                  
                    Validation Generator Loss                  4.5e+03                                                                                                                                  
                    Validation Generator Total Loss            4.5e+03                                                                                                                                  
                    Validation Critic Fake Loss               -4.5e+03                                                                                                                                  
                    Validation Critic Real Loss               -1.3e+04                                                                                                                                  
                    Validation Critic Gradient Penalty Loss    5.5e+02                                                                                                                                  
                    Validation Critic Total Loss              -1.7e+04                                                                                                                                  
                    Validation Total Loss                     -1.2e+04                                                                                                                                  
[10:35:25] DEBUG    (training.gan) Step 20:                                                                                                                                                   gan.py:582
                    Generator LR               8.9e-08                                                                                                                                                  
                    Critic LR                    1e-05                                                                                                                                                  
                    Generator Avg Abs Weight     0.046                                                                                                                                                  
                    Critic Avg Abs Weight        0.033                                                                                                                                                  
           DEBUG    (training.gan) Generating UMAP plots...                                                                                                                                   gan.py:625
[10:35:28] DEBUG    (training.gan) Step 20: Computing Random Forest AUROC...                                                                                                                  gan.py:660
[10:35:30] INFO     (training.gan) Step 20: Computed Random Forest AUROC: 1.000                                                                                                               gan.py:672
[10:35:31] DEBUG    (training.gan) Logger training.gan initialized.                                                                                                                       loggers.py:100
           INFO     (training.gan) Initializing training...                                                                                                                                   gan.py:727
           DEBUG    (training.gan) Initializing data loaders...                                                                                                                                gan.py:87
           DEBUG    (training.gan) Initializing optimizers...                                                                                                                                  gan.py:94
           DEBUG    (training.gan) Initializing schedulers...                                                                                                                                 gan.py:112
           DEBUG    (training.gan) Initializing UMAP...                                                                                                                                       gan.py:130
[10:35:34] DEBUG    (training.gan) Saving model graph...                                                                                                                                      gan.py:734
           INFO     (training.gan) Starting training loop...                                                                                                                                  gan.py:749
[10:36:49] DEBUG    (training.gan) Step 0/20 completed in 74937 milliseconds (average: nan ms)                                                                                                gan.py:778
[10:37:44] DEBUG    (training.gan) Step 1/20 completed in 54944 milliseconds (average: nan ms)                                                                                                gan.py:778
           DEBUG    (training.gan) Step 2/20 completed in 58 milliseconds (average: 59 ms)                                                                                                    gan.py:778
           DEBUG    (training.gan) Step 3/20 completed in 61 milliseconds (average: 60 ms)                                                                                                    gan.py:778
           DEBUG    (training.gan) Step 4/20 completed in 73 milliseconds (average: 64 ms)                                                                                                    gan.py:778
           DEBUG    (training.gan) Step 5/20 completed in 71 milliseconds (average: 66 ms)                                                                                                    gan.py:778
           DEBUG    (training.gan) Step 6/20 completed in 65 milliseconds (average: 66 ms)                                                                                                    gan.py:778
[10:37:45] DEBUG    (training.gan) Step 7/20 completed in 70 milliseconds (average: 67 ms)                                                                                                    gan.py:778
           DEBUG    (training.gan) Step 8/20 completed in 71 milliseconds (average: 67 ms)                                                                                                    gan.py:778
           DEBUG    (training.gan) Step 9/20 completed in 73 milliseconds (average: 68 ms)                                                                                                    gan.py:778
           DEBUG    (training.gan) Step 10/20 completed in 71 milliseconds (average: 69 ms)                                                                                                   gan.py:778
           DEBUG    (training.gan) Step 11/20 completed in 74 milliseconds (average: 69 ms)                                                                                                   gan.py:778
           DEBUG    (training.gan) Step 12/20 completed in 70 milliseconds (average: 69 ms)                                                                                                   gan.py:778
           DEBUG    (training.gan) Step 13/20 completed in 72 milliseconds (average: 70 ms)                                                                                                   gan.py:778
           DEBUG    (training.gan) Step 14/20 completed in 71 milliseconds (average: 70 ms)                                                                                                   gan.py:778
           DEBUG    (training.gan) Step 15/20 completed in 74 milliseconds (average: 70 ms)                                                                                                   gan.py:778
           DEBUG    (training.gan) Step 16/20 completed in 71 milliseconds (average: 70 ms)                                                                                                   gan.py:778
           DEBUG    (training.gan) Step 17/20 completed in 73 milliseconds (average: 70 ms)                                                                                                   gan.py:778
           DEBUG    (training.gan) Step 18/20 completed in 71 milliseconds (average: 70 ms)                                                                                                   gan.py:778
           DEBUG    (training.gan) Step 19/20 completed in 53 milliseconds (average: 69 ms)                                                                                                   gan.py:778
           DEBUG    (training.gan) Step 20/20 completed in 52 milliseconds (average: 69 ms)                                                                                                   gan.py:778
[10:37:46] DEBUG    (training.gan) Computing validation loss...                                                                                                                               gan.py:516
[10:38:00] INFO     (training.gan) Step 20:                                                                                                                                                   gan.py:581
                    Generator Loss                             1.2e+04                                                                                                                                  
                    Generator Labeler Loss                       9e+02                                                                                                                                  
                    Generator Antilabeler Loss                 9.1e+02                                                                                                                                  
                    Generator Total Loss                       1.4e+04                                                                                                                                  
                    Critic Total Loss                         -4.9e+05                                                                                                                                  
                    Critic Fake Loss                          -1.4e+04                                                                                                                                  
                    Critic Real Loss                          -9.3e+05                                                                                                                                  
                    Critic Gradient Penalty Loss               4.5e+05                                                                                                                                  
                    Total Loss                                -4.5e+05                                                                                                                                  
                    Labeler Real Loss                          2.5e+04                                                                                                                                  
                    Labeler Fake Loss                            9e+02                                                                                                                                  
                    Antilabeler Loss                             9e+02                                                                                                                                  
                    Validation Generator Loss                    1e+04                                                                                                                                  
                    Validation Generator Total Loss              1e+04                                                                                                                                  
                    Validation Critic Fake Loss                 -1e+04                                                                                                                                  
                    Validation Critic Real Loss               -1.2e+06                                                                                                                                  
                    Validation Critic Gradient Penalty Loss    6.2e+05                                                                                                                                  
                    Validation Critic Total Loss              -6.1e+05                                                                                                                                  
                    Validation Total Loss                       -6e+05                                                                                                                                  
           DEBUG    (training.gan) Step 20:                                                                                                                                                   gan.py:582
                    Generator LR               8.9e-07                                                                                                                                                  
                    Critic LR                    0.001                                                                                                                                                  
                    Labeler LR                  0.0001                                                                                                                                                  
                    Antilabeler LR              0.0001                                                                                                                                                  
                    Generator Avg Abs Weight     0.039                                                                                                                                                  
                    Critic Avg Abs Weight        0.034                                                                                                                                                  
           DEBUG    (training.gan) Generating UMAP plots...                                                                                                                                   gan.py:625
[10:38:01] DEBUG    (training.gan) Step 20: Computing Random Forest AUROC...                                                                                                                  gan.py:660
[10:38:03] INFO     (training.gan) Step 20: Computed Random Forest AUROC: 1.000                                                                                                               gan.py:672
           INFO     (GRouNdGAN CLI) Finished                                                                                                                                                 main.py:141
[09/01/26 10:38:52] INFO     Loading checkpoint from      count-parameters.py:48
                             'results/2800/checkpoints/st                       
                             ep_20.pth' on cuda                                 
                    INFO     Parameter counts:            count-parameters.py:60
                             gen_state_dict                                     
                             2.6M parameters                                    
                             crit_state_dict                                    
                             2.04M parameters                                   
                             labeler_state_dict                                 
                             10.74M parameters                                  
                             antilabeler_state_dict                             
                             10.74M parameters                                  
                             step                                               
                             1 parameters                                       
                             gen_optimizer_state_dict                           
                             557.44k parameters                                 
                             crit_optimizer_state_dict                          
                             6.13M parameters                                   
                             labeler_optimizer_state_dict                       
                             32.19M parameters                                  
                             antilabeler_optimizer_state_                       
                             dict   32.19M parameters                           
                             gen_scheduler_state_dict                           
                             19 parameters                                      
                             crit_scheduler_state_dict                          
                             7 parameters                                       
                    INFO     Successfully saved parameter count-parameters.py:64
                             counts to                                          
                             'results/2800/params-size.js                       
                             on'                                                
