Running command on n23-64-512-buckbeak
[16:27:45] DEBUG    (optuna) Logger optuna initialized.                                                                                                                                   loggers.py:100
           DEBUG    (GRouNdGAN CLI) Logger GRouNdGAN CLI initialized.                                                                                                                     loggers.py:100
           DEBUG    (randomness) Logger randomness initialized.                                                                                                                           loggers.py:100
           INFO     (randomness) Initial random seed: 158152746                                                                                                                         randomness.py:11
           INFO     (randomness) Using seed 781759803 for Python and NumPy random number generation.                                                                                    randomness.py:25
[16:27:46] DEBUG    (preprocessing.grn_accessor) Logger preprocessing.grn_accessor initialized.                                                                                           loggers.py:100
[16:27:51] DEBUG    (preprocessing.grn_creation) Logger preprocessing.grn_creation initialized.                                                                                           loggers.py:100
[16:27:52] INFO     (preprocessing.grn_creation) Using already existing GRNBoost2 GRN at results/1/inferred_grnboost2.csv                                                             grn_creation.py:76
           INFO     (preprocessing.grn_accessor) Filtered GRN to bipartite graph with 197 TFs and 2803 targets.                                                                      grn_accessor.py:139
           INFO     (preprocessing.grn_creation) Creating top 1 GRN from top TFs                                                                                                      grn_creation.py:94
           WARNING  (preprocessing.grn_creation) Excluding 3 targets with no regulators from the causal graph. To include them, set 'include genes with no regulators' to True in    grn_creation.py:129
                    the config.                                                                                                                                                                         
[16:27:53] WARNING  (preprocessing.grn_creation) The provided training dataset has been subsetted to only include genes present in the causal graph. Please adjust the config to use grn_creation.py:152
                    appropriate number of genes.                                                                                                                                                        
           INFO     (preprocessing.grn_creation) Causal graph info:                                                                                                                  grn_creation.py:160
                              ``TFs``    194                                                                                                                                                            
                          ``Targets``   2803                                                                                                                                                            
                                Genes   2997                                                                                                                                                            
                       Possible Edges 543782                                                                                                                                                            
                        Imposed Edges   2803                                                                                                                                                            
                    GRN density Edges   0.5%                                                                                                                                                            
           INFO     (preprocessing.grn_creation) Successfully saved GRouNdGAN causal graph to results/1/causal_graph.pkl                                                             grn_creation.py:180
           INFO     (GRouNdGAN CLI) Finished                                                                                                                                                 main.py:141
Running command on n23-64-512-buckbeak
[16:27:57] DEBUG    (optuna) Logger optuna initialized.                                                                                                                                   loggers.py:100
           DEBUG    (GRouNdGAN CLI) Logger GRouNdGAN CLI initialized.                                                                                                                     loggers.py:100
           DEBUG    (randomness) Logger randomness initialized.                                                                                                                           loggers.py:100
           INFO     (randomness) Initial random seed: 2996627838                                                                                                                        randomness.py:11
           INFO     (randomness) Using seed 781759803 for Python and NumPy random number generation.                                                                                    randomness.py:25
           INFO     (GRouNdGAN CLI) Initializing training libraries...                                                                                                                        main.py:77
[16:28:06] INFO     (randomness) Using seed 781759803 for PyTorch random number generation.                                                                                             randomness.py:42
[16:28:24] DEBUG    (evaluation.MMD) Logger evaluation.MMD initialized.                                                                                                                   loggers.py:100
           DEBUG    (evaluate) Logger evaluate initialized.                                                                                                                               loggers.py:100
[16:28:25] DEBUG    (training.gan) Logger training.gan initialized.                                                                                                                       loggers.py:100
           INFO     (training.gan) Initializing training...                                                                                                                                   gan.py:726
           DEBUG    (training.gan) Initializing data loaders...                                                                                                                                gan.py:86
[16:28:26] DEBUG    (training.gan) Initializing optimizers...                                                                                                                                  gan.py:93
           DEBUG    (training.gan) Initializing schedulers...                                                                                                                                 gan.py:111
           DEBUG    (training.gan) Initializing UMAP...                                                                                                                                       gan.py:129
[16:28:35] DEBUG    (training.gan) Saving model graph...                                                                                                                                      gan.py:733
[16:28:37] INFO     (training.gan) Starting training loop...                                                                                                                                  gan.py:748
[16:29:13] DEBUG    (training.gan) Step 0/20 completed in 35955 milliseconds (average: nan ms)                                                                                                gan.py:777
[16:29:33] DEBUG    (training.gan) Step 1/20 completed in 20459 milliseconds (average: nan ms)                                                                                                gan.py:777
           DEBUG    (training.gan) Step 2/20 completed in 43 milliseconds (average: 43 ms)                                                                                                    gan.py:777
           DEBUG    (training.gan) Step 3/20 completed in 41 milliseconds (average: 42 ms)                                                                                                    gan.py:777
           DEBUG    (training.gan) Step 4/20 completed in 40 milliseconds (average: 42 ms)                                                                                                    gan.py:777
           DEBUG    (training.gan) Step 5/20 completed in 41 milliseconds (average: 42 ms)                                                                                                    gan.py:777
           DEBUG    (training.gan) Step 6/20 completed in 42 milliseconds (average: 42 ms)                                                                                                    gan.py:777
           DEBUG    (training.gan) Step 7/20 completed in 42 milliseconds (average: 42 ms)                                                                                                    gan.py:777
           DEBUG    (training.gan) Step 8/20 completed in 42 milliseconds (average: 42 ms)                                                                                                    gan.py:777
           DEBUG    (training.gan) Step 9/20 completed in 42 milliseconds (average: 42 ms)                                                                                                    gan.py:777
           DEBUG    (training.gan) Step 10/20 completed in 42 milliseconds (average: 42 ms)                                                                                                   gan.py:777
[16:29:34] DEBUG    (training.gan) Step 11/20 completed in 42 milliseconds (average: 42 ms)                                                                                                   gan.py:777
           DEBUG    (training.gan) Step 12/20 completed in 42 milliseconds (average: 42 ms)                                                                                                   gan.py:777
           DEBUG    (training.gan) Step 13/20 completed in 42 milliseconds (average: 42 ms)                                                                                                   gan.py:777
           DEBUG    (training.gan) Step 14/20 completed in 42 milliseconds (average: 42 ms)                                                                                                   gan.py:777
           DEBUG    (training.gan) Step 15/20 completed in 43 milliseconds (average: 42 ms)                                                                                                   gan.py:777
           DEBUG    (training.gan) Step 16/20 completed in 43 milliseconds (average: 42 ms)                                                                                                   gan.py:777
           DEBUG    (training.gan) Step 17/20 completed in 44 milliseconds (average: 42 ms)                                                                                                   gan.py:777
           DEBUG    (training.gan) Step 18/20 completed in 42 milliseconds (average: 42 ms)                                                                                                   gan.py:777
           DEBUG    (training.gan) Step 19/20 completed in 42 milliseconds (average: 42 ms)                                                                                                   gan.py:777
           DEBUG    (training.gan) Step 20/20 completed in 42 milliseconds (average: 42 ms)                                                                                                   gan.py:777
           DEBUG    (training.gan) Computing validation loss...                                                                                                                               gan.py:515
[16:29:53] INFO     (training.gan) Step 20:                                                                                                                                                   gan.py:580
                    Generator Loss                             6.9e+03                                                                                                                                  
                    Generator Total Loss                       6.9e+03                                                                                                                                  
                    Critic Total Loss                         -2.1e+04                                                                                                                                  
                    Critic Fake Loss                          -6.9e+03                                                                                                                                  
                    Critic Real Loss                          -1.8e+04                                                                                                                                  
                    Critic Gradient Penalty Loss               3.6e+03                                                                                                                                  
                    Total Loss                                -1.3e+04                                                                                                                                  
                    Validation Generator Loss                  1.1e+04                                                                                                                                  
                    Validation Generator Total Loss            1.1e+04                                                                                                                                  
                    Validation Critic Fake Loss               -1.1e+04                                                                                                                                  
                    Validation Critic Real Loss               -4.5e+04                                                                                                                                  
                    Validation Critic Gradient Penalty Loss    8.6e+03                                                                                                                                  
                    Validation Critic Total Loss              -4.7e+04                                                                                                                                  
                    Validation Total Loss                     -3.6e+04                                                                                                                                  
           DEBUG    (training.gan) Step 20:                                                                                                                                                   gan.py:581
                    Generator LR               1e-05                                                                                                                                                    
                    Critic LR                  1e-05                                                                                                                                                    
                    Generator Avg Abs Weight   0.041                                                                                                                                                    
                    Critic Avg Abs Weight      0.024                                                                                                                                                    
[16:29:54] DEBUG    (training.gan) Generating UMAP plots...                                                                                                                                   gan.py:624
[16:29:57] DEBUG    (training.gan) Step 20: Computing Random Forest AUROC...                                                                                                                  gan.py:659
[16:29:59] INFO     (training.gan) Step 20: Computed Random Forest AUROC: 1.000                                                                                                               gan.py:671
[16:30:00] DEBUG    (training.gan) Logger training.gan initialized.                                                                                                                       loggers.py:100
           INFO     (training.gan) Initializing training...                                                                                                                                   gan.py:726
           DEBUG    (training.gan) Initializing data loaders...                                                                                                                                gan.py:86
           DEBUG    (training.gan) Initializing optimizers...                                                                                                                                  gan.py:93
           DEBUG    (training.gan) Initializing schedulers...                                                                                                                                 gan.py:111
           DEBUG    (training.gan) Initializing UMAP...                                                                                                                                       gan.py:129
[16:30:03] DEBUG    (training.gan) Saving model graph...                                                                                                                                      gan.py:733
[16:30:04] INFO     (training.gan) Starting training loop...                                                                                                                                  gan.py:748
[16:31:23] DEBUG    (training.gan) Step 0/20 completed in 79552 milliseconds (average: nan ms)                                                                                                gan.py:777
[16:32:16] DEBUG    (training.gan) Step 1/20 completed in 52162 milliseconds (average: nan ms)                                                                                                gan.py:777
           DEBUG    (training.gan) Step 2/20 completed in 68 milliseconds (average: 68 ms)                                                                                                    gan.py:777
           DEBUG    (training.gan) Step 3/20 completed in 55 milliseconds (average: 62 ms)                                                                                                    gan.py:777
           DEBUG    (training.gan) Step 4/20 completed in 60 milliseconds (average: 61 ms)                                                                                                    gan.py:777
           DEBUG    (training.gan) Step 5/20 completed in 64 milliseconds (average: 62 ms)                                                                                                    gan.py:777
           DEBUG    (training.gan) Step 6/20 completed in 68 milliseconds (average: 64 ms)                                                                                                    gan.py:777
           DEBUG    (training.gan) Step 7/20 completed in 72 milliseconds (average: 65 ms)                                                                                                    gan.py:777
           DEBUG    (training.gan) Step 8/20 completed in 74 milliseconds (average: 66 ms)                                                                                                    gan.py:777
           DEBUG    (training.gan) Step 9/20 completed in 72 milliseconds (average: 67 ms)                                                                                                    gan.py:777
           DEBUG    (training.gan) Step 10/20 completed in 74 milliseconds (average: 68 ms)                                                                                                   gan.py:777
           DEBUG    (training.gan) Step 11/20 completed in 72 milliseconds (average: 68 ms)                                                                                                   gan.py:777
           DEBUG    (training.gan) Step 12/20 completed in 73 milliseconds (average: 69 ms)                                                                                                   gan.py:777
           DEBUG    (training.gan) Step 13/20 completed in 71 milliseconds (average: 69 ms)                                                                                                   gan.py:777
           DEBUG    (training.gan) Step 14/20 completed in 73 milliseconds (average: 69 ms)                                                                                                   gan.py:777
[16:32:17] DEBUG    (training.gan) Step 15/20 completed in 72 milliseconds (average: 70 ms)                                                                                                   gan.py:777
           DEBUG    (training.gan) Step 16/20 completed in 74 milliseconds (average: 70 ms)                                                                                                   gan.py:777
           DEBUG    (training.gan) Step 17/20 completed in 71 milliseconds (average: 70 ms)                                                                                                   gan.py:777
           DEBUG    (training.gan) Step 18/20 completed in 75 milliseconds (average: 70 ms)                                                                                                   gan.py:777
           DEBUG    (training.gan) Step 19/20 completed in 72 milliseconds (average: 70 ms)                                                                                                   gan.py:777
           DEBUG    (training.gan) Step 20/20 completed in 73 milliseconds (average: 71 ms)                                                                                                   gan.py:777
           DEBUG    (training.gan) Computing validation loss...                                                                                                                               gan.py:515
[16:32:31] INFO     (training.gan) Step 20:                                                                                                                                                   gan.py:580
                    Generator Loss                             4.3e+04                                                                                                                                  
                    Generator Labeler Loss                     1.3e+04                                                                                                                                  
                    Generator Antilabeler Loss                 1.3e+04                                                                                                                                  
                    Generator Total Loss                       6.9e+04                                                                                                                                  
                    Critic Total Loss                           -5e+05                                                                                                                                  
                    Critic Fake Loss                          -4.1e+04                                                                                                                                  
                    Critic Real Loss                          -9.1e+05                                                                                                                                  
                    Critic Gradient Penalty Loss               4.6e+05                                                                                                                                  
                    Total Loss                                  -4e+05                                                                                                                                  
                    Labeler Real Loss                          3.8e+02                                                                                                                                  
                    Labeler Fake Loss                          1.2e+04                                                                                                                                  
                    Antilabeler Loss                           1.2e+04                                                                                                                                  
                    Validation Generator Loss                    3e+04                                                                                                                                  
                    Validation Generator Total Loss              3e+04                                                                                                                                  
                    Validation Critic Fake Loss                 -3e+04                                                                                                                                  
                    Validation Critic Real Loss               -1.2e+06                                                                                                                                  
                    Validation Critic Gradient Penalty Loss      6e+05                                                                                                                                  
                    Validation Critic Total Loss                -6e+05                                                                                                                                  
                    Validation Total Loss                     -5.7e+05                                                                                                                                  
           DEBUG    (training.gan) Step 20:                                                                                                                                                   gan.py:581
                    Generator LR               0.0001                                                                                                                                                   
                    Critic LR                   0.001                                                                                                                                                   
                    Labeler LR                 0.0001                                                                                                                                                   
                    Antilabeler LR             0.0001                                                                                                                                                   
                    Generator Avg Abs Weight    0.039                                                                                                                                                   
                    Critic Avg Abs Weight       0.024                                                                                                                                                   
           DEBUG    (training.gan) Generating UMAP plots...                                                                                                                                   gan.py:624
[16:32:32] DEBUG    (training.gan) Step 20: Computing Random Forest AUROC...                                                                                                                  gan.py:659
[16:32:34] INFO     (training.gan) Step 20: Computed Random Forest AUROC: 1.000                                                                                                               gan.py:671
           INFO     (GRouNdGAN CLI) Finished                                                                                                                                                 main.py:141
[09/22/26 16:33:25] INFO     Loading checkpoint from      count-parameters.py:48
                             'results/1/checkpoints/step_                       
                             20.pth' on cuda                                    
[09/22/26 16:33:26] INFO     Parameter counts:            count-parameters.py:60
                             gen_state_dict                                     
                             3.97M parameters                                   
                             crit_state_dict                                    
                             3.73M parameters                                   
                             labeler_state_dict                                 
                             14.02M parameters                                  
                             antilabeler_state_dict                             
                             14.02M parameters                                  
                             step                                               
                             1 parameters                                       
                             gen_optimizer_state_dict                           
                             277.54k parameters                                 
                             crit_optimizer_state_dict                          
                             11.18M parameters                                  
                             labeler_optimizer_state_dict                       
                             42.04M parameters                                  
                             antilabeler_optimizer_state_                       
                             dict   42.04M parameters                           
                             gen_scheduler_state_dict                           
                             6 parameters                                       
                             crit_scheduler_state_dict                          
                             6 parameters                                       
                    INFO     Successfully saved parameter count-parameters.py:64
                             counts to                                          
                             'results/1/params-size.json'                       
