[09:45:14] DEBUG    (optuna) Logger optuna initialized.           loggers.py:100
           DEBUG    (preprocessing.grn_accessor) Logger           loggers.py:100
                    preprocessing.grn_accessor initialized.                     
[09:45:18] DEBUG    (randomness) Logger randomness initialized.   loggers.py:100
           INFO     (randomness) Initial random seed:           randomness.py:11
                    1041555684                                                  
           DEBUG    (limit-tfs) Logger limit-tfs initialized.     loggers.py:100
           INFO     (limit-tfs) Found 2999 TF candidates.        limit-tfs.py:39
           INFO     (limit-tfs) Bipartite filtering retained     limit-tfs.py:45
                    1699 of the 1700 selected TFs (1 regulate                   
                    only other selected TFs).                                   
           INFO     (limit-tfs) Filtered GRN to bipartite graph  limit-tfs.py:50
                    with 1699 TFs and 1300 targets.                             
[09:45:19] INFO     (limit-tfs) Saved processed GRN to           limit-tfs.py:92
                    results/1700/inferred_grnboost2.csv                         
Running command on n23-64-512-nagini
[09:45:23] DEBUG    (optuna) Logger optuna initialized.                                                                                                                                   loggers.py:100
           DEBUG    (GRouNdGAN CLI) Logger GRouNdGAN CLI initialized.                                                                                                                     loggers.py:100
           DEBUG    (randomness) Logger randomness initialized.                                                                                                                           loggers.py:100
           INFO     (randomness) Initial random seed: 1320604831                                                                                                                        randomness.py:11
[09:45:24] INFO     (randomness) Using seed 781759803 for Python and NumPy random number generation.                                                                                    randomness.py:25
[09:45:25] DEBUG    (preprocessing.grn_accessor) Logger preprocessing.grn_accessor initialized.                                                                                           loggers.py:100
[09:45:31] DEBUG    (preprocessing.grn_creation) Logger preprocessing.grn_creation initialized.                                                                                           loggers.py:100
[09:45:32] INFO     (preprocessing.grn_creation) Using already existing GRNBoost2 GRN at results/1700/inferred_grnboost2.csv                                                          grn_creation.py:76
           INFO     (preprocessing.grn_accessor) Filtered GRN to bipartite graph with 1699 TFs and 1300 targets.                                                                     grn_accessor.py:139
           INFO     (preprocessing.grn_creation) Creating top 15 GRN from top TFs                                                                                                     grn_creation.py:94
           WARNING  (preprocessing.grn_creation) Excluding 32 targets with no regulators from the causal graph. To include them, set 'include genes with no regulators' to True in   grn_creation.py:129
                    the config.                                                                                                                                                                         
[09:45:33] WARNING  (preprocessing.grn_creation) The provided training dataset has been subsetted to only include genes present in the causal graph. Please adjust the config to use grn_creation.py:152
                    appropriate number of genes.                                                                                                                                                        
           INFO     (preprocessing.grn_creation) Causal graph info:                                                                                                                  grn_creation.py:160
                              ``TFs``    1668                                                                                                                                                           
                          ``Targets``    1300                                                                                                                                                           
                                Genes    2968                                                                                                                                                           
                       Possible Edges 2168400                                                                                                                                                           
                        Imposed Edges   19500                                                                                                                                                           
                    GRN density Edges    0.9%                                                                                                                                                           
           INFO     (preprocessing.grn_creation) Successfully saved GRouNdGAN causal graph to results/1700/causal_graph.pkl                                                          grn_creation.py:180
           INFO     (GRouNdGAN CLI) Finished                                                                                                                                                 main.py:141
Running command on n23-64-512-nagini
[09:45:36] DEBUG    (optuna) Logger optuna initialized.                                                                                                                                   loggers.py:100
           DEBUG    (GRouNdGAN CLI) Logger GRouNdGAN CLI initialized.                                                                                                                     loggers.py:100
           DEBUG    (randomness) Logger randomness initialized.                                                                                                                           loggers.py:100
           INFO     (randomness) Initial random seed: 3376436484                                                                                                                        randomness.py:11
           INFO     (randomness) Using seed 781759803 for Python and NumPy random number generation.                                                                                    randomness.py:25
           INFO     (GRouNdGAN CLI) Initializing training libraries...                                                                                                                        main.py:77
[09:45:45] INFO     (randomness) Using seed 781759803 for PyTorch random number generation.                                                                                             randomness.py:42
[09:46:01] DEBUG    (evaluation.MMD) Logger evaluation.MMD initialized.                                                                                                                   loggers.py:100
           DEBUG    (evaluate) Logger evaluate initialized.                                                                                                                               loggers.py:100
[09:46:04] DEBUG    (training.gan) Logger training.gan initialized.                                                                                                                       loggers.py:100
           INFO     (training.gan) Initializing training...                                                                                                                                   gan.py:727
           DEBUG    (training.gan) Initializing data loaders...                                                                                                                                gan.py:87
           DEBUG    (training.gan) Initializing optimizers...                                                                                                                                  gan.py:94
           DEBUG    (training.gan) Initializing schedulers...                                                                                                                                 gan.py:112
           DEBUG    (training.gan) Initializing UMAP...                                                                                                                                       gan.py:130
[09:46:13] DEBUG    (training.gan) Saving model graph...                                                                                                                                      gan.py:734
[09:46:15] INFO     (training.gan) Starting training loop...                                                                                                                                  gan.py:749
[09:46:49] DEBUG    (training.gan) Step 0/20 completed in 34240 milliseconds (average: nan ms)                                                                                                gan.py:778
[09:47:07] DEBUG    (training.gan) Step 1/20 completed in 18334 milliseconds (average: nan ms)                                                                                                gan.py:778
           DEBUG    (training.gan) Step 2/20 completed in 34 milliseconds (average: 34 ms)                                                                                                    gan.py:778
           DEBUG    (training.gan) Step 3/20 completed in 33 milliseconds (average: 34 ms)                                                                                                    gan.py:778
           DEBUG    (training.gan) Step 4/20 completed in 33 milliseconds (average: 33 ms)                                                                                                    gan.py:778
           DEBUG    (training.gan) Step 5/20 completed in 32 milliseconds (average: 33 ms)                                                                                                    gan.py:778
           DEBUG    (training.gan) Step 6/20 completed in 39 milliseconds (average: 35 ms)                                                                                                    gan.py:778
[09:47:08] DEBUG    (training.gan) Step 7/20 completed in 39 milliseconds (average: 35 ms)                                                                                                    gan.py:778
           DEBUG    (training.gan) Step 8/20 completed in 40 milliseconds (average: 36 ms)                                                                                                    gan.py:778
           DEBUG    (training.gan) Step 9/20 completed in 28 milliseconds (average: 35 ms)                                                                                                    gan.py:778
           DEBUG    (training.gan) Step 10/20 completed in 19 milliseconds (average: 34 ms)                                                                                                   gan.py:778
           DEBUG    (training.gan) Step 11/20 completed in 19 milliseconds (average: 32 ms)                                                                                                   gan.py:778
           DEBUG    (training.gan) Step 12/20 completed in 19 milliseconds (average: 31 ms)                                                                                                   gan.py:778
           DEBUG    (training.gan) Step 13/20 completed in 26 milliseconds (average: 31 ms)                                                                                                   gan.py:778
           DEBUG    (training.gan) Step 14/20 completed in 30 milliseconds (average: 31 ms)                                                                                                   gan.py:778
           DEBUG    (training.gan) Step 15/20 completed in 29 milliseconds (average: 31 ms)                                                                                                   gan.py:778
           DEBUG    (training.gan) Step 16/20 completed in 32 milliseconds (average: 31 ms)                                                                                                   gan.py:778
           DEBUG    (training.gan) Step 17/20 completed in 33 milliseconds (average: 31 ms)                                                                                                   gan.py:778
           DEBUG    (training.gan) Step 18/20 completed in 40 milliseconds (average: 31 ms)                                                                                                   gan.py:778
           DEBUG    (training.gan) Step 19/20 completed in 39 milliseconds (average: 32 ms)                                                                                                   gan.py:778
           DEBUG    (training.gan) Step 20/20 completed in 40 milliseconds (average: 32 ms)                                                                                                   gan.py:778
           DEBUG    (training.gan) Computing validation loss...                                                                                                                               gan.py:516
[09:47:26] INFO     (training.gan) Step 20:                                                                                                                                                   gan.py:581
                    Generator Loss                             2.2e+03                                                                                                                                  
                    Generator Total Loss                       2.2e+03                                                                                                                                  
                    Critic Total Loss                         -7.7e+03                                                                                                                                  
                    Critic Fake Loss                          -2.1e+03                                                                                                                                  
                    Critic Real Loss                          -5.9e+03                                                                                                                                  
                    Critic Gradient Penalty Loss               2.9e+02                                                                                                                                  
                    Total Loss                                -5.2e+03                                                                                                                                  
                    Validation Generator Loss                    4e+03                                                                                                                                  
                    Validation Generator Total Loss              4e+03                                                                                                                                  
                    Validation Critic Fake Loss                 -4e+03                                                                                                                                  
                    Validation Critic Real Loss                 -1e+04                                                                                                                                  
                    Validation Critic Gradient Penalty Loss      7e+02                                                                                                                                  
                    Validation Critic Total Loss              -1.4e+04                                                                                                                                  
                    Validation Total Loss                     -9.6e+03                                                                                                                                  
           DEBUG    (training.gan) Step 20:                                                                                                                                                   gan.py:582
                    Generator LR               8.9e-08                                                                                                                                                  
                    Critic LR                    1e-05                                                                                                                                                  
                    Generator Avg Abs Weight     0.041                                                                                                                                                  
                    Critic Avg Abs Weight        0.024                                                                                                                                                  
           DEBUG    (training.gan) Generating UMAP plots...                                                                                                                                   gan.py:625
[09:47:30] DEBUG    (training.gan) Step 20: Computing Random Forest AUROC...                                                                                                                  gan.py:660
[09:47:32] INFO     (training.gan) Step 20: Computed Random Forest AUROC: 1.000                                                                                                               gan.py:672
[09:47:33] DEBUG    (training.gan) Logger training.gan initialized.                                                                                                                       loggers.py:100
           INFO     (training.gan) Initializing training...                                                                                                                                   gan.py:727
           DEBUG    (training.gan) Initializing data loaders...                                                                                                                                gan.py:87
           DEBUG    (training.gan) Initializing optimizers...                                                                                                                                  gan.py:94
           DEBUG    (training.gan) Initializing schedulers...                                                                                                                                 gan.py:112
           DEBUG    (training.gan) Initializing UMAP...                                                                                                                                       gan.py:130
[09:47:36] DEBUG    (training.gan) Saving model graph...                                                                                                                                      gan.py:734
           INFO     (training.gan) Starting training loop...                                                                                                                                  gan.py:749
[09:48:49] DEBUG    (training.gan) Step 0/20 completed in 73013 milliseconds (average: nan ms)                                                                                                gan.py:778
[09:49:40] DEBUG    (training.gan) Step 1/20 completed in 50888 milliseconds (average: nan ms)                                                                                                gan.py:778
           DEBUG    (training.gan) Step 2/20 completed in 131 milliseconds (average: 131 ms)                                                                                                  gan.py:778
[09:49:41] DEBUG    (training.gan) Step 3/20 completed in 137 milliseconds (average: 134 ms)                                                                                                  gan.py:778
           DEBUG    (training.gan) Step 4/20 completed in 133 milliseconds (average: 134 ms)                                                                                                  gan.py:778
           DEBUG    (training.gan) Step 5/20 completed in 132 milliseconds (average: 133 ms)                                                                                                  gan.py:778
           DEBUG    (training.gan) Step 6/20 completed in 137 milliseconds (average: 134 ms)                                                                                                  gan.py:778
           DEBUG    (training.gan) Step 7/20 completed in 135 milliseconds (average: 134 ms)                                                                                                  gan.py:778
           DEBUG    (training.gan) Step 8/20 completed in 138 milliseconds (average: 135 ms)                                                                                                  gan.py:778
           DEBUG    (training.gan) Step 9/20 completed in 137 milliseconds (average: 135 ms)                                                                                                  gan.py:778
           DEBUG    (training.gan) Step 10/20 completed in 138 milliseconds (average: 136 ms)                                                                                                 gan.py:778
[09:49:42] DEBUG    (training.gan) Step 11/20 completed in 134 milliseconds (average: 135 ms)                                                                                                 gan.py:778
           DEBUG    (training.gan) Step 12/20 completed in 133 milliseconds (average: 135 ms)                                                                                                 gan.py:778
           DEBUG    (training.gan) Step 13/20 completed in 137 milliseconds (average: 135 ms)                                                                                                 gan.py:778
           DEBUG    (training.gan) Step 14/20 completed in 136 milliseconds (average: 136 ms)                                                                                                 gan.py:778
           DEBUG    (training.gan) Step 15/20 completed in 135 milliseconds (average: 136 ms)                                                                                                 gan.py:778
           DEBUG    (training.gan) Step 16/20 completed in 136 milliseconds (average: 136 ms)                                                                                                 gan.py:778
           DEBUG    (training.gan) Step 17/20 completed in 136 milliseconds (average: 136 ms)                                                                                                 gan.py:778
[09:49:43] DEBUG    (training.gan) Step 18/20 completed in 133 milliseconds (average: 136 ms)                                                                                                 gan.py:778
           DEBUG    (training.gan) Step 19/20 completed in 118 milliseconds (average: 135 ms)                                                                                                 gan.py:778
           DEBUG    (training.gan) Step 20/20 completed in 120 milliseconds (average: 134 ms)                                                                                                 gan.py:778
           DEBUG    (training.gan) Computing validation loss...                                                                                                                               gan.py:516
[09:49:57] INFO     (training.gan) Step 20:                                                                                                                                                   gan.py:581
                    Generator Loss                             6.1e+03                                                                                                                                  
                    Generator Labeler Loss                     4.1e+02                                                                                                                                  
                    Generator Antilabeler Loss                 4.1e+02                                                                                                                                  
                    Generator Total Loss                       6.9e+03                                                                                                                                  
                    Critic Total Loss                         -4.8e+05                                                                                                                                  
                    Critic Fake Loss                          -7.1e+03                                                                                                                                  
                    Critic Real Loss                          -9.2e+05                                                                                                                                  
                    Critic Gradient Penalty Loss               4.4e+05                                                                                                                                  
                    Total Loss                                -4.5e+05                                                                                                                                  
                    Labeler Real Loss                          1.8e+04                                                                                                                                  
                    Labeler Fake Loss                            4e+02                                                                                                                                  
                    Antilabeler Loss                           4.1e+02                                                                                                                                  
                    Validation Generator Loss                  2.6e+03                                                                                                                                  
                    Validation Generator Total Loss            2.6e+03                                                                                                                                  
                    Validation Critic Fake Loss               -2.6e+03                                                                                                                                  
                    Validation Critic Real Loss               -1.2e+06                                                                                                                                  
                    Validation Critic Gradient Penalty Loss    6.1e+05                                                                                                                                  
                    Validation Critic Total Loss                -6e+05                                                                                                                                  
                    Validation Total Loss                       -6e+05                                                                                                                                  
           DEBUG    (training.gan) Step 20:                                                                                                                                                   gan.py:582
                    Generator LR               8.9e-07                                                                                                                                                  
                    Critic LR                    0.001                                                                                                                                                  
                    Labeler LR                  0.0001                                                                                                                                                  
                    Antilabeler LR              0.0001                                                                                                                                                  
                    Generator Avg Abs Weight     0.041                                                                                                                                                  
                    Critic Avg Abs Weight        0.024                                                                                                                                                  
           DEBUG    (training.gan) Generating UMAP plots...                                                                                                                                   gan.py:625
[09:49:58] DEBUG    (training.gan) Step 20: Computing Random Forest AUROC...                                                                                                                  gan.py:660
[09:50:00] INFO     (training.gan) Step 20: Computed Random Forest AUROC: 1.000                                                                                                               gan.py:672
           INFO     (GRouNdGAN CLI) Finished                                                                                                                                                 main.py:141
[09/01/26 09:50:51] INFO     Loading checkpoint from      count-parameters.py:48
                             'results/1700/checkpoints/st                       
                             ep_20.pth' on cuda                                 
                    INFO     Parameter counts:            count-parameters.py:60
                             gen_state_dict                                     
                             7.11M parameters                                   
                             crit_state_dict                                    
                             3.7M parameters                                    
                             labeler_state_dict                                 
                             13.97M parameters                                  
                             antilabeler_state_dict                             
                             13.97M parameters                                  
                             step                                               
                             1 parameters                                       
                             gen_optimizer_state_dict                           
                             3.62M parameters                                   
                             crit_optimizer_state_dict                          
                             11.09M parameters                                  
                             labeler_optimizer_state_dict                       
                             41.87M parameters                                  
                             antilabeler_optimizer_state_                       
                             dict  41.87M parameters                            
                             gen_scheduler_state_dict                           
                             19 parameters                                      
                             crit_scheduler_state_dict                          
                             7 parameters                                       
                    INFO     Successfully saved parameter count-parameters.py:64
                             counts to                                          
                             'results/1700/params-size.js                       
                             on'                                                
