[09:46:12] DEBUG    (optuna) Logger optuna initialized.           loggers.py:100
           DEBUG    (preprocessing.grn_accessor) Logger           loggers.py:100
                    preprocessing.grn_accessor initialized.                     
[09:46:15] DEBUG    (randomness) Logger randomness initialized.   loggers.py:100
           INFO     (randomness) Initial random seed:           randomness.py:11
                    1622203378                                                  
           DEBUG    (limit-tfs) Logger limit-tfs initialized.     loggers.py:100
           INFO     (limit-tfs) Found 2999 TF candidates.        limit-tfs.py:39
           INFO     (limit-tfs) Bipartite filtering retained     limit-tfs.py:45
                    1798 of the 1800 selected TFs (2 regulate                   
                    only other selected TFs).                                   
           INFO     (limit-tfs) Filtered GRN to bipartite graph  limit-tfs.py:50
                    with 1798 TFs and 1200 targets.                             
           INFO     (limit-tfs) Saved processed GRN to           limit-tfs.py:92
                    results/1800/inferred_grnboost2.csv                         
Running command on n23-64-512-nagini
[09:46:18] DEBUG    (optuna) Logger optuna initialized.                                                                                                                                   loggers.py:100
           DEBUG    (GRouNdGAN CLI) Logger GRouNdGAN CLI initialized.                                                                                                                     loggers.py:100
           DEBUG    (randomness) Logger randomness initialized.                                                                                                                           loggers.py:100
           INFO     (randomness) Initial random seed: 3478235927                                                                                                                        randomness.py:11
           INFO     (randomness) Using seed 781759803 for Python and NumPy random number generation.                                                                                    randomness.py:25
[09:46:19] DEBUG    (preprocessing.grn_accessor) Logger preprocessing.grn_accessor initialized.                                                                                           loggers.py:100
[09:46:23] DEBUG    (preprocessing.grn_creation) Logger preprocessing.grn_creation initialized.                                                                                           loggers.py:100
[09:46:24] INFO     (preprocessing.grn_creation) Using already existing GRNBoost2 GRN at results/1800/inferred_grnboost2.csv                                                          grn_creation.py:76
           INFO     (preprocessing.grn_accessor) Filtered GRN to bipartite graph with 1798 TFs and 1200 targets.                                                                     grn_accessor.py:139
           INFO     (preprocessing.grn_creation) Creating top 15 GRN from top TFs                                                                                                     grn_creation.py:94
           WARNING  (preprocessing.grn_creation) Excluding 61 targets with no regulators from the causal graph. To include them, set 'include genes with no regulators' to True in   grn_creation.py:129
                    the config.                                                                                                                                                                         
           WARNING  (preprocessing.grn_creation) The provided training dataset has been subsetted to only include genes present in the causal graph. Please adjust the config to use grn_creation.py:152
                    appropriate number of genes.                                                                                                                                                        
           INFO     (preprocessing.grn_creation) Causal graph info:                                                                                                                  grn_creation.py:160
                              ``TFs``    1739                                                                                                                                                           
                          ``Targets``    1200                                                                                                                                                           
                                Genes    2939                                                                                                                                                           
                       Possible Edges 2086800                                                                                                                                                           
                        Imposed Edges   18000                                                                                                                                                           
                    GRN density Edges    0.9%                                                                                                                                                           
           INFO     (preprocessing.grn_creation) Successfully saved GRouNdGAN causal graph to results/1800/causal_graph.pkl                                                          grn_creation.py:180
[09:46:25] INFO     (GRouNdGAN CLI) Finished                                                                                                                                                 main.py:141
Running command on n23-64-512-nagini
[09:46:28] DEBUG    (optuna) Logger optuna initialized.                                                                                                                                   loggers.py:100
           DEBUG    (GRouNdGAN CLI) Logger GRouNdGAN CLI initialized.                                                                                                                     loggers.py:100
           DEBUG    (randomness) Logger randomness initialized.                                                                                                                           loggers.py:100
           INFO     (randomness) Initial random seed: 3468613129                                                                                                                        randomness.py:11
           INFO     (randomness) Using seed 781759803 for Python and NumPy random number generation.                                                                                    randomness.py:25
           INFO     (GRouNdGAN CLI) Initializing training libraries...                                                                                                                        main.py:77
[09:46:32] INFO     (randomness) Using seed 781759803 for PyTorch random number generation.                                                                                             randomness.py:42
[09:46:48] DEBUG    (evaluation.MMD) Logger evaluation.MMD initialized.                                                                                                                   loggers.py:100
           DEBUG    (evaluate) Logger evaluate initialized.                                                                                                                               loggers.py:100
[09:46:49] DEBUG    (training.gan) Logger training.gan initialized.                                                                                                                       loggers.py:100
           INFO     (training.gan) Initializing training...                                                                                                                                   gan.py:727
           DEBUG    (training.gan) Initializing data loaders...                                                                                                                                gan.py:87
[09:46:50] DEBUG    (training.gan) Initializing optimizers...                                                                                                                                  gan.py:94
           DEBUG    (training.gan) Initializing schedulers...                                                                                                                                 gan.py:112
           DEBUG    (training.gan) Initializing UMAP...                                                                                                                                       gan.py:130
[09:46:59] DEBUG    (training.gan) Saving model graph...                                                                                                                                      gan.py:734
           INFO     (training.gan) Starting training loop...                                                                                                                                  gan.py:749
[09:47:34] DEBUG    (training.gan) Step 0/20 completed in 34617 milliseconds (average: nan ms)                                                                                                gan.py:778
[09:47:52] DEBUG    (training.gan) Step 1/20 completed in 18374 milliseconds (average: nan ms)                                                                                                gan.py:778
           DEBUG    (training.gan) Step 2/20 completed in 24 milliseconds (average: 24 ms)                                                                                                    gan.py:778
           DEBUG    (training.gan) Step 3/20 completed in 23 milliseconds (average: 24 ms)                                                                                                    gan.py:778
           DEBUG    (training.gan) Step 4/20 completed in 23 milliseconds (average: 24 ms)                                                                                                    gan.py:778
           DEBUG    (training.gan) Step 5/20 completed in 22 milliseconds (average: 23 ms)                                                                                                    gan.py:778
           DEBUG    (training.gan) Step 6/20 completed in 22 milliseconds (average: 23 ms)                                                                                                    gan.py:778
[09:47:53] DEBUG    (training.gan) Step 7/20 completed in 26 milliseconds (average: 24 ms)                                                                                                    gan.py:778
           DEBUG    (training.gan) Step 8/20 completed in 28 milliseconds (average: 25 ms)                                                                                                    gan.py:778
           DEBUG    (training.gan) Step 9/20 completed in 31 milliseconds (average: 25 ms)                                                                                                    gan.py:778
           DEBUG    (training.gan) Step 10/20 completed in 30 milliseconds (average: 26 ms)                                                                                                   gan.py:778
           DEBUG    (training.gan) Step 11/20 completed in 33 milliseconds (average: 27 ms)                                                                                                   gan.py:778
           DEBUG    (training.gan) Step 12/20 completed in 36 milliseconds (average: 28 ms)                                                                                                   gan.py:778
           DEBUG    (training.gan) Step 13/20 completed in 37 milliseconds (average: 28 ms)                                                                                                   gan.py:778
           DEBUG    (training.gan) Step 14/20 completed in 41 milliseconds (average: 29 ms)                                                                                                   gan.py:778
           DEBUG    (training.gan) Step 15/20 completed in 41 milliseconds (average: 30 ms)                                                                                                   gan.py:778
           DEBUG    (training.gan) Step 16/20 completed in 41 milliseconds (average: 31 ms)                                                                                                   gan.py:778
           DEBUG    (training.gan) Step 17/20 completed in 41 milliseconds (average: 32 ms)                                                                                                   gan.py:778
           DEBUG    (training.gan) Step 18/20 completed in 41 milliseconds (average: 32 ms)                                                                                                   gan.py:778
           DEBUG    (training.gan) Step 19/20 completed in 41 milliseconds (average: 33 ms)                                                                                                   gan.py:778
           DEBUG    (training.gan) Step 20/20 completed in 41 milliseconds (average: 33 ms)                                                                                                   gan.py:778
           DEBUG    (training.gan) Computing validation loss...                                                                                                                               gan.py:516
[09:48:14] INFO     (training.gan) Step 20:                                                                                                                                                   gan.py:581
                    Generator Loss                             2.5e+03                                                                                                                                  
                    Generator Total Loss                       2.5e+03                                                                                                                                  
                    Critic Total Loss                           -8e+03                                                                                                                                  
                    Critic Fake Loss                          -2.5e+03                                                                                                                                  
                    Critic Real Loss                          -5.8e+03                                                                                                                                  
                    Critic Gradient Penalty Loss               3.5e+02                                                                                                                                  
                    Total Loss                                -5.1e+03                                                                                                                                  
                    Validation Generator Loss                  4.7e+03                                                                                                                                  
                    Validation Generator Total Loss            4.7e+03                                                                                                                                  
                    Validation Critic Fake Loss               -4.7e+03                                                                                                                                  
                    Validation Critic Real Loss                 -1e+04                                                                                                                                  
                    Validation Critic Gradient Penalty Loss    8.5e+02                                                                                                                                  
                    Validation Critic Total Loss              -1.4e+04                                                                                                                                  
                    Validation Total Loss                     -9.3e+03                                                                                                                                  
           DEBUG    (training.gan) Step 20:                                                                                                                                                   gan.py:582
                    Generator LR               8.9e-08                                                                                                                                                  
                    Critic LR                    1e-05                                                                                                                                                  
                    Generator Avg Abs Weight     0.041                                                                                                                                                  
                    Critic Avg Abs Weight        0.024                                                                                                                                                  
           DEBUG    (training.gan) Generating UMAP plots...                                                                                                                                   gan.py:625
[09:48:18] DEBUG    (training.gan) Step 20: Computing Random Forest AUROC...                                                                                                                  gan.py:660
[09:48:20] INFO     (training.gan) Step 20: Computed Random Forest AUROC: 1.000                                                                                                               gan.py:672
           DEBUG    (training.gan) Logger training.gan initialized.                                                                                                                       loggers.py:100
           INFO     (training.gan) Initializing training...                                                                                                                                   gan.py:727
           DEBUG    (training.gan) Initializing data loaders...                                                                                                                                gan.py:87
[09:48:21] DEBUG    (training.gan) Initializing optimizers...                                                                                                                                  gan.py:94
           DEBUG    (training.gan) Initializing schedulers...                                                                                                                                 gan.py:112
           DEBUG    (training.gan) Initializing UMAP...                                                                                                                                       gan.py:130
[09:48:23] DEBUG    (training.gan) Saving model graph...                                                                                                                                      gan.py:734
[09:48:24] INFO     (training.gan) Starting training loop...                                                                                                                                  gan.py:749
[09:49:44] DEBUG    (training.gan) Step 0/20 completed in 79849 milliseconds (average: nan ms)                                                                                                gan.py:778
[09:50:37] DEBUG    (training.gan) Step 1/20 completed in 53141 milliseconds (average: nan ms)                                                                                                gan.py:778
           DEBUG    (training.gan) Step 2/20 completed in 119 milliseconds (average: 119 ms)                                                                                                  gan.py:778
           DEBUG    (training.gan) Step 3/20 completed in 105 milliseconds (average: 113 ms)                                                                                                  gan.py:778
           DEBUG    (training.gan) Step 4/20 completed in 107 milliseconds (average: 111 ms)                                                                                                  gan.py:778
           DEBUG    (training.gan) Step 5/20 completed in 106 milliseconds (average: 110 ms)                                                                                                  gan.py:778
           DEBUG    (training.gan) Step 6/20 completed in 107 milliseconds (average: 109 ms)                                                                                                  gan.py:778
           DEBUG    (training.gan) Step 7/20 completed in 107 milliseconds (average: 109 ms)                                                                                                  gan.py:778
[09:50:38] DEBUG    (training.gan) Step 8/20 completed in 105 milliseconds (average: 109 ms)                                                                                                  gan.py:778
           DEBUG    (training.gan) Step 9/20 completed in 108 milliseconds (average: 109 ms)                                                                                                  gan.py:778
           DEBUG    (training.gan) Step 10/20 completed in 107 milliseconds (average: 108 ms)                                                                                                 gan.py:778
           DEBUG    (training.gan) Step 11/20 completed in 108 milliseconds (average: 108 ms)                                                                                                 gan.py:778
           DEBUG    (training.gan) Step 12/20 completed in 106 milliseconds (average: 108 ms)                                                                                                 gan.py:778
           DEBUG    (training.gan) Step 13/20 completed in 107 milliseconds (average: 108 ms)                                                                                                 gan.py:778
           DEBUG    (training.gan) Step 14/20 completed in 107 milliseconds (average: 108 ms)                                                                                                 gan.py:778
           DEBUG    (training.gan) Step 15/20 completed in 106 milliseconds (average: 108 ms)                                                                                                 gan.py:778
           DEBUG    (training.gan) Step 16/20 completed in 104 milliseconds (average: 108 ms)                                                                                                 gan.py:778
[09:50:39] DEBUG    (training.gan) Step 17/20 completed in 103 milliseconds (average: 108 ms)                                                                                                 gan.py:778
           DEBUG    (training.gan) Step 18/20 completed in 103 milliseconds (average: 107 ms)                                                                                                 gan.py:778
           DEBUG    (training.gan) Step 19/20 completed in 103 milliseconds (average: 107 ms)                                                                                                 gan.py:778
           DEBUG    (training.gan) Step 20/20 completed in 103 milliseconds (average: 107 ms)                                                                                                 gan.py:778
           DEBUG    (training.gan) Computing validation loss...                                                                                                                               gan.py:516
[09:50:54] INFO     (training.gan) Step 20:                                                                                                                                                   gan.py:581
                    Generator Loss                             8.2e+03                                                                                                                                  
                    Generator Labeler Loss                     3.7e+02                                                                                                                                  
                    Generator Antilabeler Loss                 3.8e+02                                                                                                                                  
                    Generator Total Loss                         9e+03                                                                                                                                  
                    Critic Total Loss                         -4.8e+05                                                                                                                                  
                    Critic Fake Loss                          -7.9e+03                                                                                                                                  
                    Critic Real Loss                          -9.1e+05                                                                                                                                  
                    Critic Gradient Penalty Loss               4.4e+05                                                                                                                                  
                    Total Loss                                -4.5e+05                                                                                                                                  
                    Labeler Real Loss                          1.7e+04                                                                                                                                  
                    Labeler Fake Loss                          3.7e+02                                                                                                                                  
                    Antilabeler Loss                           3.8e+02                                                                                                                                  
                    Validation Generator Loss                  7.8e+03                                                                                                                                  
                    Validation Generator Total Loss            7.8e+03                                                                                                                                  
                    Validation Critic Fake Loss               -7.8e+03                                                                                                                                  
                    Validation Critic Real Loss               -1.2e+06                                                                                                                                  
                    Validation Critic Gradient Penalty Loss    6.2e+05                                                                                                                                  
                    Validation Critic Total Loss                -6e+05                                                                                                                                  
                    Validation Total Loss                     -5.9e+05                                                                                                                                  
           DEBUG    (training.gan) Step 20:                                                                                                                                                   gan.py:582
                    Generator LR               8.9e-07                                                                                                                                                  
                    Critic LR                    0.001                                                                                                                                                  
                    Labeler LR                  0.0001                                                                                                                                                  
                    Antilabeler LR              0.0001                                                                                                                                                  
                    Generator Avg Abs Weight     0.041                                                                                                                                                  
                    Critic Avg Abs Weight        0.025                                                                                                                                                  
           DEBUG    (training.gan) Generating UMAP plots...                                                                                                                                   gan.py:625
[09:50:55] DEBUG    (training.gan) Step 20: Computing Random Forest AUROC...                                                                                                                  gan.py:660
[09:50:57] INFO     (training.gan) Step 20: Computed Random Forest AUROC: 1.000                                                                                                               gan.py:672
           INFO     (GRouNdGAN CLI) Finished                                                                                                                                                 main.py:141
[09/01/26 09:51:44] INFO     Loading checkpoint from      count-parameters.py:48
                             'results/1800/checkpoints/st                       
                             ep_20.pth' on cuda                                 
[09/01/26 09:51:45] INFO     Parameter counts:            count-parameters.py:60
                             gen_state_dict                                     
                             6.82M parameters                                   
                             crit_state_dict                                    
                             3.67M parameters                                   
                             labeler_state_dict                                 
                             13.91M parameters                                  
                             antilabeler_state_dict                             
                             13.91M parameters                                  
                             step                                               
                             1 parameters                                       
                             gen_optimizer_state_dict                           
                             3.34M parameters                                   
                             crit_optimizer_state_dict                          
                             11M parameters                                     
                             labeler_optimizer_state_dict                       
                             41.69M parameters                                  
                             antilabeler_optimizer_state_                       
                             dict  41.69M parameters                            
                             gen_scheduler_state_dict                           
                             19 parameters                                      
                             crit_scheduler_state_dict                          
                             7 parameters                                       
                    INFO     Successfully saved parameter count-parameters.py:64
                             counts to                                          
                             'results/1800/params-size.js                       
                             on'                                                
