[09:22:12] DEBUG    (optuna) Logger optuna initialized.           loggers.py:100
           DEBUG    (preprocessing.grn_accessor) Logger           loggers.py:100
                    preprocessing.grn_accessor initialized.                     
[09:22:16] DEBUG    (randomness) Logger randomness initialized.   loggers.py:100
           INFO     (randomness) Initial random seed:           randomness.py:11
                    3323893639                                                  
           DEBUG    (limit-tfs) Logger limit-tfs initialized.     loggers.py:100
[09:22:17] INFO     (limit-tfs) Found 2999 TF candidates.        limit-tfs.py:39
           INFO     (limit-tfs) Bipartite filtering retained 300 limit-tfs.py:45
                    of the 300 selected TFs (0 regulate only                    
                    other selected TFs).                                        
           INFO     (limit-tfs) Filtered GRN to bipartite graph  limit-tfs.py:50
                    with 300 TFs and 2700 targets.                              
           INFO     (limit-tfs) Saved processed GRN to           limit-tfs.py:92
                    results/300/inferred_grnboost2.csv                          
Running command on n23-64-512-fawkes
[09:22:21] DEBUG    (optuna) Logger optuna initialized.                                                                                                                                   loggers.py:100
           DEBUG    (GRouNdGAN CLI) Logger GRouNdGAN CLI initialized.                                                                                                                     loggers.py:100
           DEBUG    (randomness) Logger randomness initialized.                                                                                                                           loggers.py:100
           INFO     (randomness) Initial random seed: 2140410166                                                                                                                        randomness.py:11
           INFO     (randomness) Using seed 781759803 for Python and NumPy random number generation.                                                                                    randomness.py:25
[09:22:23] DEBUG    (preprocessing.grn_accessor) Logger preprocessing.grn_accessor initialized.                                                                                           loggers.py:100
[09:22:29] DEBUG    (preprocessing.grn_creation) Logger preprocessing.grn_creation initialized.                                                                                           loggers.py:100
[09:22:30] INFO     (preprocessing.grn_creation) Using already existing GRNBoost2 GRN at results/300/inferred_grnboost2.csv                                                           grn_creation.py:76
           INFO     (preprocessing.grn_accessor) Filtered GRN to bipartite graph with 300 TFs and 2700 targets.                                                                      grn_accessor.py:139
           INFO     (preprocessing.grn_creation) Creating top 15 GRN from top TFs                                                                                                     grn_creation.py:94
           INFO     (preprocessing.grn_creation) All targets have regulators; no targets with no regulators included in the causal graph.                                            grn_creation.py:134
           INFO     (preprocessing.grn_creation) Causal graph info:                                                                                                                  grn_creation.py:160
                              ``TFs``    300                                                                                                                                                            
                          ``Targets``   2700                                                                                                                                                            
                                Genes   3000                                                                                                                                                            
                       Possible Edges 810000                                                                                                                                                            
                        Imposed Edges  40362                                                                                                                                                            
                    GRN density Edges   5.0%                                                                                                                                                            
           INFO     (preprocessing.grn_creation) Successfully saved GRouNdGAN causal graph to results/300/causal_graph.pkl                                                           grn_creation.py:180
           INFO     (GRouNdGAN CLI) Finished                                                                                                                                                 main.py:141
Running command on n23-64-512-fawkes
[09:22:33] DEBUG    (optuna) Logger optuna initialized.                                                                                                                                   loggers.py:100
           DEBUG    (GRouNdGAN CLI) Logger GRouNdGAN CLI initialized.                                                                                                                     loggers.py:100
           DEBUG    (randomness) Logger randomness initialized.                                                                                                                           loggers.py:100
           INFO     (randomness) Initial random seed: 1336374387                                                                                                                        randomness.py:11
           INFO     (randomness) Using seed 781759803 for Python and NumPy random number generation.                                                                                    randomness.py:25
           INFO     (GRouNdGAN CLI) Initializing training libraries...                                                                                                                        main.py:77
[09:22:40] INFO     (randomness) Using seed 781759803 for PyTorch random number generation.                                                                                             randomness.py:42
[09:22:57] DEBUG    (evaluation.MMD) Logger evaluation.MMD initialized.                                                                                                                   loggers.py:100
           DEBUG    (evaluate) Logger evaluate initialized.                                                                                                                               loggers.py:100
[09:22:59] DEBUG    (training.gan) Logger training.gan initialized.                                                                                                                       loggers.py:100
           INFO     (training.gan) Initializing training...                                                                                                                                   gan.py:727
           DEBUG    (training.gan) Initializing data loaders...                                                                                                                                gan.py:87
           DEBUG    (training.gan) Initializing optimizers...                                                                                                                                  gan.py:94
           DEBUG    (training.gan) Initializing schedulers...                                                                                                                                 gan.py:112
           DEBUG    (training.gan) Initializing UMAP...                                                                                                                                       gan.py:130
[09:23:08] DEBUG    (training.gan) Saving model graph...                                                                                                                                      gan.py:734
[09:23:10] INFO     (training.gan) Starting training loop...                                                                                                                                  gan.py:749
[09:23:43] DEBUG    (training.gan) Step 0/20 completed in 33489 milliseconds (average: nan ms)                                                                                                gan.py:778
[09:24:03] DEBUG    (training.gan) Step 1/20 completed in 19483 milliseconds (average: nan ms)                                                                                                gan.py:778
           DEBUG    (training.gan) Step 2/20 completed in 31 milliseconds (average: 31 ms)                                                                                                    gan.py:778
           DEBUG    (training.gan) Step 3/20 completed in 36 milliseconds (average: 34 ms)                                                                                                    gan.py:778
           DEBUG    (training.gan) Step 4/20 completed in 39 milliseconds (average: 36 ms)                                                                                                    gan.py:778
           DEBUG    (training.gan) Step 5/20 completed in 42 milliseconds (average: 37 ms)                                                                                                    gan.py:778
           DEBUG    (training.gan) Step 6/20 completed in 40 milliseconds (average: 38 ms)                                                                                                    gan.py:778
           DEBUG    (training.gan) Step 7/20 completed in 42 milliseconds (average: 39 ms)                                                                                                    gan.py:778
           DEBUG    (training.gan) Step 8/20 completed in 40 milliseconds (average: 39 ms)                                                                                                    gan.py:778
           DEBUG    (training.gan) Step 9/20 completed in 42 milliseconds (average: 39 ms)                                                                                                    gan.py:778
           DEBUG    (training.gan) Step 10/20 completed in 40 milliseconds (average: 40 ms)                                                                                                   gan.py:778
           DEBUG    (training.gan) Step 11/20 completed in 42 milliseconds (average: 40 ms)                                                                                                   gan.py:778
           DEBUG    (training.gan) Step 12/20 completed in 40 milliseconds (average: 40 ms)                                                                                                   gan.py:778
           DEBUG    (training.gan) Step 13/20 completed in 42 milliseconds (average: 40 ms)                                                                                                   gan.py:778
           DEBUG    (training.gan) Step 14/20 completed in 39 milliseconds (average: 40 ms)                                                                                                   gan.py:778
           DEBUG    (training.gan) Step 15/20 completed in 42 milliseconds (average: 40 ms)                                                                                                   gan.py:778
           DEBUG    (training.gan) Step 16/20 completed in 40 milliseconds (average: 40 ms)                                                                                                   gan.py:778
           DEBUG    (training.gan) Step 17/20 completed in 42 milliseconds (average: 40 ms)                                                                                                   gan.py:778
           DEBUG    (training.gan) Step 18/20 completed in 40 milliseconds (average: 40 ms)                                                                                                   gan.py:778
           DEBUG    (training.gan) Step 19/20 completed in 42 milliseconds (average: 40 ms)                                                                                                   gan.py:778
[09:24:04] DEBUG    (training.gan) Step 20/20 completed in 40 milliseconds (average: 40 ms)                                                                                                   gan.py:778
           DEBUG    (training.gan) Computing validation loss...                                                                                                                               gan.py:516
[09:24:20] INFO     (training.gan) Step 20:                                                                                                                                                   gan.py:581
                    Generator Loss                             2.8e+03                                                                                                                                  
                    Generator Total Loss                       2.8e+03                                                                                                                                  
                    Critic Total Loss                         -7.7e+03                                                                                                                                  
                    Critic Fake Loss                          -2.7e+03                                                                                                                                  
                    Critic Real Loss                          -5.4e+03                                                                                                                                  
                    Critic Gradient Penalty Loss               3.8e+02                                                                                                                                  
                    Total Loss                                -4.6e+03                                                                                                                                  
                    Validation Generator Loss                  5.1e+03                                                                                                                                  
                    Validation Generator Total Loss            5.1e+03                                                                                                                                  
                    Validation Critic Fake Loss               -5.1e+03                                                                                                                                  
                    Validation Critic Real Loss               -9.4e+03                                                                                                                                  
                    Validation Critic Gradient Penalty Loss    9.2e+02                                                                                                                                  
                    Validation Critic Total Loss              -1.4e+04                                                                                                                                  
                    Validation Total Loss                     -8.5e+03                                                                                                                                  
           DEBUG    (training.gan) Step 20:                                                                                                                                                   gan.py:582
                    Generator LR               8.9e-08                                                                                                                                                  
                    Critic LR                    1e-05                                                                                                                                                  
                    Generator Avg Abs Weight     0.041                                                                                                                                                  
                    Critic Avg Abs Weight        0.024                                                                                                                                                  
           DEBUG    (training.gan) Generating UMAP plots...                                                                                                                                   gan.py:625
[09:24:24] DEBUG    (training.gan) Step 20: Computing Random Forest AUROC...                                                                                                                  gan.py:660
[09:24:26] INFO     (training.gan) Step 20: Computed Random Forest AUROC: 1.000                                                                                                               gan.py:672
[09:24:27] DEBUG    (training.gan) Logger training.gan initialized.                                                                                                                       loggers.py:100
           INFO     (training.gan) Initializing training...                                                                                                                                   gan.py:727
           DEBUG    (training.gan) Initializing data loaders...                                                                                                                                gan.py:87
           DEBUG    (training.gan) Initializing optimizers...                                                                                                                                  gan.py:94
           DEBUG    (training.gan) Initializing schedulers...                                                                                                                                 gan.py:112
           DEBUG    (training.gan) Initializing UMAP...                                                                                                                                       gan.py:130
[09:24:30] DEBUG    (training.gan) Saving model graph...                                                                                                                                      gan.py:734
           INFO     (training.gan) Starting training loop...                                                                                                                                  gan.py:749
[09:25:45] DEBUG    (training.gan) Step 0/20 completed in 75015 milliseconds (average: nan ms)                                                                                                gan.py:778
[09:26:37] DEBUG    (training.gan) Step 1/20 completed in 51796 milliseconds (average: nan ms)                                                                                                gan.py:778
           DEBUG    (training.gan) Step 2/20 completed in 217 milliseconds (average: 217 ms)                                                                                                  gan.py:778
           DEBUG    (training.gan) Step 3/20 completed in 215 milliseconds (average: 216 ms)                                                                                                  gan.py:778
[09:26:38] DEBUG    (training.gan) Step 4/20 completed in 218 milliseconds (average: 217 ms)                                                                                                  gan.py:778
           DEBUG    (training.gan) Step 5/20 completed in 215 milliseconds (average: 217 ms)                                                                                                  gan.py:778
           DEBUG    (training.gan) Step 6/20 completed in 218 milliseconds (average: 217 ms)                                                                                                  gan.py:778
           DEBUG    (training.gan) Step 7/20 completed in 217 milliseconds (average: 217 ms)                                                                                                  gan.py:778
[09:26:39] DEBUG    (training.gan) Step 8/20 completed in 218 milliseconds (average: 217 ms)                                                                                                  gan.py:778
           DEBUG    (training.gan) Step 9/20 completed in 217 milliseconds (average: 217 ms)                                                                                                  gan.py:778
           DEBUG    (training.gan) Step 10/20 completed in 217 milliseconds (average: 217 ms)                                                                                                 gan.py:778
           DEBUG    (training.gan) Step 11/20 completed in 215 milliseconds (average: 217 ms)                                                                                                 gan.py:778
           DEBUG    (training.gan) Step 12/20 completed in 218 milliseconds (average: 217 ms)                                                                                                 gan.py:778
[09:26:40] DEBUG    (training.gan) Step 13/20 completed in 215 milliseconds (average: 217 ms)                                                                                                 gan.py:778
           DEBUG    (training.gan) Step 14/20 completed in 217 milliseconds (average: 217 ms)                                                                                                 gan.py:778
           DEBUG    (training.gan) Step 15/20 completed in 216 milliseconds (average: 217 ms)                                                                                                 gan.py:778
           DEBUG    (training.gan) Step 16/20 completed in 216 milliseconds (average: 217 ms)                                                                                                 gan.py:778
[09:26:41] DEBUG    (training.gan) Step 17/20 completed in 215 milliseconds (average: 217 ms)                                                                                                 gan.py:778
           DEBUG    (training.gan) Step 18/20 completed in 217 milliseconds (average: 217 ms)                                                                                                 gan.py:778
           DEBUG    (training.gan) Step 19/20 completed in 216 milliseconds (average: 217 ms)                                                                                                 gan.py:778
           DEBUG    (training.gan) Step 20/20 completed in 216 milliseconds (average: 217 ms)                                                                                                 gan.py:778
[09:26:42] DEBUG    (training.gan) Computing validation loss...                                                                                                                               gan.py:516
[09:26:54] INFO     (training.gan) Step 20:                                                                                                                                                   gan.py:581
                    Generator Loss                             1.2e+04                                                                                                                                  
                    Generator Labeler Loss                     9.7e+03                                                                                                                                  
                    Generator Antilabeler Loss                 9.7e+03                                                                                                                                  
                    Generator Total Loss                       3.2e+04                                                                                                                                  
                    Critic Total Loss                         -4.5e+05                                                                                                                                  
                    Critic Fake Loss                          -1.4e+04                                                                                                                                  
                    Critic Real Loss                          -8.5e+05                                                                                                                                  
                    Critic Gradient Penalty Loss               4.1e+05                                                                                                                                  
                    Total Loss                                  -4e+05                                                                                                                                  
                    Labeler Real Loss                          9.7e+04                                                                                                                                  
                    Labeler Fake Loss                          9.7e+03                                                                                                                                  
                    Antilabeler Loss                           9.7e+03                                                                                                                                  
                    Validation Generator Loss                 -1.1e+04                                                                                                                                  
                    Validation Generator Total Loss           -1.1e+04                                                                                                                                  
                    Validation Critic Fake Loss                1.1e+04                                                                                                                                  
                    Validation Critic Real Loss               -1.1e+06                                                                                                                                  
                    Validation Critic Gradient Penalty Loss    5.5e+05                                                                                                                                  
                    Validation Critic Total Loss              -5.6e+05                                                                                                                                  
                    Validation Total Loss                     -5.7e+05                                                                                                                                  
           DEBUG    (training.gan) Step 20:                                                                                                                                                   gan.py:582
                    Generator LR               8.9e-07                                                                                                                                                  
                    Critic LR                    0.001                                                                                                                                                  
                    Labeler LR                  0.0001                                                                                                                                                  
                    Antilabeler LR              0.0001                                                                                                                                                  
                    Generator Avg Abs Weight     0.044                                                                                                                                                  
                    Critic Avg Abs Weight        0.024                                                                                                                                                  
           DEBUG    (training.gan) Generating UMAP plots...                                                                                                                                   gan.py:625
[09:26:55] DEBUG    (training.gan) Step 20: Computing Random Forest AUROC...                                                                                                                  gan.py:660
[09:26:57] INFO     (training.gan) Step 20: Computed Random Forest AUROC: 1.000                                                                                                               gan.py:672
           INFO     (GRouNdGAN CLI) Finished                                                                                                                                                 main.py:141
[09/01/26 09:27:50] INFO     Loading checkpoint from      count-parameters.py:48
                             'results/300/checkpoints/ste                       
                             p_20.pth' on cuda                                  
[09/01/26 09:27:51] INFO     Parameter counts:            count-parameters.py:60
                             gen_state_dict                                     
                             10.74M parameters                                  
                             crit_state_dict                                    
                             3.73M parameters                                   
                             labeler_state_dict                                 
                             14.03M parameters                                  
                             antilabeler_state_dict                             
                             14.03M parameters                                  
                             step                                               
                             1 parameters                                       
                             gen_optimizer_state_dict                           
                             7.49M parameters                                   
                             crit_optimizer_state_dict                          
                             11.19M parameters                                  
                             labeler_optimizer_state_dict                       
                             42.05M parameters                                  
                             antilabeler_optimizer_state_                       
                             dict  42.05M parameters                            
                             gen_scheduler_state_dict                           
                             19 parameters                                      
                             crit_scheduler_state_dict                          
                             7 parameters                                       
                    INFO     Successfully saved parameter count-parameters.py:64
                             counts to                                          
                             'results/300/params-size.jso                       
                             n'                                                 
