+ export CONFIG=causal_gan.cfg
+ CONFIG=causal_gan.cfg
+ export CODE_ROOT=/mnt/shared/scratch/mmicik/private/Geneformer/simulation/GRouNdGAN.worktrees/dedup
+ CODE_ROOT=/mnt/shared/scratch/mmicik/private/Geneformer/simulation/GRouNdGAN.worktrees/dedup
+ export GROUNDGAN_LOGLEVEL=DEBUG
+ GROUNDGAN_LOGLEVEL=DEBUG
+ export GROUNDGAN_NO_TQDM=1
+ GROUNDGAN_NO_TQDM=1
+ export PYTHON=/mnt/apps/users/mmicik//conda/envs/groundgan/bin/python
+ PYTHON=/mnt/apps/users/mmicik//conda/envs/groundgan/bin/python
+ SLURM_ARRAY_JOB_ID=33898186
+ SLURM_ARRAY_TASK_ID=6
+ PID=
+ trap on_exit EXIT
+ export SIZE=600
+ SIZE=600
+ export NUM_GENES=600
+ NUM_GENES=600
+ mkdir -p results/600
+ python ./limit-tfs.py -i data/processed/inferred_grnboost2.csv -o results/600/inferred_grnboost2.csv --num-tfs 600
+ /mnt/apps/users/mmicik//conda/envs/groundgan/bin/python ./limit-tfs.py -i data/processed/inferred_grnboost2.csv -o results/600/inferred_grnboost2.csv --num-tfs 600
+ echo Symbol
+ cut -d, -f1
+ sort -u
+ grep -v TF
+ cp data/processed/test.h5ad data/processed/train.h5ad data/processed/validation.h5ad results/600/
+ /mnt/shared/scratch/mmicik/private/Geneformer/simulation/GRouNdGAN.worktrees/dedup/scripts/create-grn.sh
++ /mnt/apps/users/mmicik//conda/envs/groundgan/bin/python /mnt/shared/scratch/mmicik/private/Geneformer/simulation/GRouNdGAN.worktrees/dedup/../..//inspect_h5ad.py results/600/train.h5ad
++ grep -oE '\([0-9]+, [0-9]+\)'
++ cut -d, -f2
++ grep -oE '[0-9]+'
+ NUM_GENES=3000
+ export NUM_GENES
+ PID=2290678
+ /mnt/shared/scratch/mmicik/private/Geneformer/simulation/GRouNdGAN.worktrees/dedup/scripts/train.sh
+ python /mnt/shared/scratch/mmicik/private/Geneformer/simulation/GRouNdGAN.worktrees/dedup/scripts/measure-gpu-usage.py --output results/600/gpu-usage.csv
+ /mnt/apps/users/mmicik//conda/envs/groundgan/bin/python /mnt/shared/scratch/mmicik/private/Geneformer/simulation/GRouNdGAN.worktrees/dedup/scripts/measure-gpu-usage.py --output results/600/gpu-usage.csv
+ kill -SIGINT 2290678
+ python /mnt/shared/scratch/mmicik/private/Geneformer/simulation/GRouNdGAN.worktrees/dedup/scripts/count-parameters.py --checkpoint results/600/checkpoints/step_20.pth --out results/600/params-size.json
+ /mnt/apps/users/mmicik//conda/envs/groundgan/bin/python /mnt/shared/scratch/mmicik/private/Geneformer/simulation/GRouNdGAN.worktrees/dedup/scripts/count-parameters.py --checkpoint results/600/checkpoints/step_20.pth --out results/600/params-size.json
+ on_exit
+ status=0
+ [[ -n 2290678 ]]
+ kill -SIGINT 2290678
+ ((  status != 0  ))
+ exit 0
